
  [32m[1mVITE[22m v8.0.16[39m  [2mready in [0m[1m1066[22m[2m[0m ms[22m

  [32m➜[39m  [1mLocal[22m:   [36mhttp://localhost:[1m5173[22m/[39m
  [32m➜[39m  [1mNetwork[22m: [36mhttp://192.168.43.186:[1m5173[22m/[39m
[2m[32m  ➜[39m[22m[2m  press [22m[1mh + enter[22m[2m to show help[22m
[2m8:51:13 AM[22m [36m[1m[vite][22m[39m [90m[2m(client)[22m[39m [32mhmr update [39m[2m/src/components/Navbar.jsx, /src/index.css[22m
[2m8:51:34 AM[22m [36m[1m[vite][22m[39m [90m[2m(client)[22m[39m [32mhmr update [39m[2m/src/App.jsx, /src/index.css[22m
[2m8:51:34 AM[22m [36m[1m[vite][22m[39m [90m[2m(client)[22m[39m [32m✨ new dependencies optimized: [33mreact-helmet-async[32m[39m
[2m8:51:34 AM[22m [36m[1m[vite][22m[39m [90m[2m(client)[22m[39m [32m✨ optimized dependencies changed. reloading[39m
[2m8:51:36 AM[22m [36m[1m[vite][22m[39m [90m[2m(client)[22m[39m [32mhmr update [39m[2m/src/App.jsx, /src/index.css[22m
[2m8:51:37 AM[22m [36m[1m[vite][22m[39m [90m[2m(client)[22m[39m [32mhmr update [39m[2m/src/index.css, /src/components/NotFoundPage.jsx[22m
[2m8:51:37 AM[22m [31m[1m[vite][22m[39m [31mInternal server error: Transform failed with 1 error:

[31m[PARSE_ERROR] [0mUnexpected token. Did you mean `{'}'}` or `&rbrace;`?
    [38;5;246m╭[0m[38;5;246m─[0m[38;5;246m[[0m src/components/NotFoundPage.jsx:34:1 [38;5;246m][0m
    [38;5;246m│[0m
 [38;5;246m34 │[0m [38;5;249m}[0m
 [38;5;240m   │[0m │ 
 [38;5;240m   │[0m ╰─ 
[38;5;246m────╯[0m
[39m
  Plugin: [35mvite:oxc[39m
  File: [36mC:/Users/nakshtra/Desktop/kintox/src/components/NotFoundPage.jsx[39m
      at transformWithOxc (file:///C:/Users/nakshtra/Desktop/kintox/node_modules/vite/dist/node/chunks/node.js:3344:19)
      at TransformPluginContext.transform (file:///C:/Users/nakshtra/Desktop/kintox/node_modules/vite/dist/node/chunks/node.js:3415:26)
      at EnvironmentPluginContainer.transform (file:///C:/Users/nakshtra/Desktop/kintox/node_modules/vite/dist/node/chunks/node.js:30387:51)
      at async loadAndTransform (file:///C:/Users/nakshtra/Desktop/kintox/node_modules/vite/dist/node/chunks/node.js:24646:26)
      at async viteTransformMiddleware (file:///C:/Users/nakshtra/Desktop/kintox/node_modules/vite/dist/node/chunks/node.js:24440:20)
[2m8:51:37 AM[22m [31m[1m[vite][22m[39m [31m[2m(client)[22m[39m [2m[console.error] [22m[vite] Failed to reload /src/components/NotFoundPage.jsx. This could be due to syntax errors or importing non-existent modules. (see errors above)
[2m8:51:37 AM[22m [31m[1m[vite][22m[39m [31mInternal server error: Transform failed with 1 error:

[31m[PARSE_ERROR] [0mUnexpected token. Did you mean `{'}'}` or `&rbrace;`?
    [38;5;246m╭[0m[38;5;246m─[0m[38;5;246m[[0m src/components/NotFoundPage.jsx:34:1 [38;5;246m][0m
    [38;5;246m│[0m
 [38;5;246m34 │[0m [38;5;249m}[0m
 [38;5;240m   │[0m │ 
 [38;5;240m   │[0m ╰─ 
[38;5;246m────╯[0m
[39m
  Plugin: [35mvite:oxc[39m
  File: [36mC:/Users/nakshtra/Desktop/kintox/src/components/NotFoundPage.jsx[39m
      at transformWithOxc (file:///C:/Users/nakshtra/Desktop/kintox/node_modules/vite/dist/node/chunks/node.js:3344:19)
      at TransformPluginContext.transform (file:///C:/Users/nakshtra/Desktop/kintox/node_modules/vite/dist/node/chunks/node.js:3415:26)
      at EnvironmentPluginContainer.transform (file:///C:/Users/nakshtra/Desktop/kintox/node_modules/vite/dist/node/chunks/node.js:30387:51)
      at async loadAndTransform (file:///C:/Users/nakshtra/Desktop/kintox/node_modules/vite/dist/node/chunks/node.js:24646:26)
      at async viteTransformMiddleware (file:///C:/Users/nakshtra/Desktop/kintox/node_modules/vite/dist/node/chunks/node.js:24440:20)
[2m8:51:37 AM[22m [31m[1m[vite][22m[39m [31m[2m(client)[22m[39m [2m[console.error] [22m[vite] Failed to reload /src/components/NotFoundPage.jsx. This could be due to syntax errors or importing non-existent modules. (see errors above)
[2m8:51:43 AM[22m [36m[1m[vite][22m[39m [90m[2m(client)[22m[39m [32mhmr update [39m[2m/src/index.css, /src/components/HeroSection.jsx[22m
[2m8:51:44 AM[22m [36m[1m[vite][22m[39m [90m[2m(client)[22m[39m [32mhmr update [39m[2m/src/index.css, /src/components/AboutSection.jsx[22m
[2m8:51:44 AM[22m [36m[1m[vite][22m[39m [90m[2m(client)[22m[39m [32mhmr update [39m[2m/src/index.css, /src/components/ServicesSection.jsx[22m
[2m8:51:46 AM[22m [36m[1m[vite][22m[39m [90m[2m(client)[22m[39m [32mhmr update [39m[2m/src/index.css, /src/components/ProductDetailPage.jsx[22m
[2m8:51:46 AM[22m [36m[1m[vite][22m[39m [90m[2m(client)[22m[39m [32mhmr update [39m[2m/src/index.css, /src/components/CartPage.jsx[22m
[2m8:52:08 AM[22m [36m[1m[vite][22m[39m [90m[2m(client)[22m[39m [32mhmr update [39m[2m/src/index.css, /src/components/HeroSection.jsx[22m
[2m8:52:08 AM[22m [31m[1m[vite][22m[39m [31mInternal server error: Transform failed with 1 error:

[31m[PARSE_ERROR] [0mUnexpected token. Did you mean `{'}'}` or `&rbrace;`?
     [38;5;246m╭[0m[38;5;246m─[0m[38;5;246m[[0m src/components/HeroSection.jsx:199:1 [38;5;246m][0m
     [38;5;246m│[0m
 [38;5;246m199 │[0m [38;5;249m}[0m
 [38;5;240m    │[0m │ 
 [38;5;240m    │[0m ╰─ 
[38;5;246m─────╯[0m
[39m
  Plugin: [35mvite:oxc[39m
  File: [36mC:/Users/nakshtra/Desktop/kintox/src/components/HeroSection.jsx[39m
      at transformWithOxc (file:///C:/Users/nakshtra/Desktop/kintox/node_modules/vite/dist/node/chunks/node.js:3344:19)
      at TransformPluginContext.transform (file:///C:/Users/nakshtra/Desktop/kintox/node_modules/vite/dist/node/chunks/node.js:3415:26)
      at EnvironmentPluginContainer.transform (file:///C:/Users/nakshtra/Desktop/kintox/node_modules/vite/dist/node/chunks/node.js:30387:51)
      at async loadAndTransform (file:///C:/Users/nakshtra/Desktop/kintox/node_modules/vite/dist/node/chunks/node.js:24646:26)
      at async viteTransformMiddleware (file:///C:/Users/nakshtra/Desktop/kintox/node_modules/vite/dist/node/chunks/node.js:24440:20)
[2m8:52:08 AM[22m [31m[1m[vite][22m[39m [31m[2m(client)[22m[39m [2m[console.error] [22m[vite] Failed to reload /src/components/HeroSection.jsx. This could be due to syntax errors or importing non-existent modules. (see errors above)
[2m8:52:08 AM[22m [31m[1m[vite][22m[39m [31mInternal server error: Transform failed with 1 error:

[31m[PARSE_ERROR] [0mUnexpected token. Did you mean `{'}'}` or `&rbrace;`?
     [38;5;246m╭[0m[38;5;246m─[0m[38;5;246m[[0m src/components/HeroSection.jsx:199:1 [38;5;246m][0m
     [38;5;246m│[0m
 [38;5;246m199 │[0m [38;5;249m}[0m
 [38;5;240m    │[0m │ 
 [38;5;240m    │[0m ╰─ 
[38;5;246m─────╯[0m
[39m
  Plugin: [35mvite:oxc[39m
  File: [36mC:/Users/nakshtra/Desktop/kintox/src/components/HeroSection.jsx[39m
      at transformWithOxc (file:///C:/Users/nakshtra/Desktop/kintox/node_modules/vite/dist/node/chunks/node.js:3344:19)
      at TransformPluginContext.transform (file:///C:/Users/nakshtra/Desktop/kintox/node_modules/vite/dist/node/chunks/node.js:3415:26)
      at EnvironmentPluginContainer.transform (file:///C:/Users/nakshtra/Desktop/kintox/node_modules/vite/dist/node/chunks/node.js:30387:51)
      at async loadAndTransform (file:///C:/Users/nakshtra/Desktop/kintox/node_modules/vite/dist/node/chunks/node.js:24646:26)
      at async viteTransformMiddleware (file:///C:/Users/nakshtra/Desktop/kintox/node_modules/vite/dist/node/chunks/node.js:24440:20)
[2m8:52:08 AM[22m [31m[1m[vite][22m[39m [31m[2m(client)[22m[39m [2m[console.error] [22m[vite] Failed to reload /src/components/HeroSection.jsx. This could be due to syntax errors or importing non-existent modules. (see errors above)
[2m8:52:09 AM[22m [36m[1m[vite][22m[39m [90m[2m(client)[22m[39m [32mhmr update [39m[2m/src/index.css, /src/components/AboutSection.jsx[22m
[2m8:52:09 AM[22m [31m[1m[vite][22m[39m [31mInternal server error: Transform failed with 1 error:

[31m[PARSE_ERROR] [0mUnexpected token. Did you mean `{'}'}` or `&rbrace;`?
     [38;5;246m╭[0m[38;5;246m─[0m[38;5;246m[[0m src/components/AboutSection.jsx:282:1 [38;5;246m][0m
     [38;5;246m│[0m
 [38;5;246m282 │[0m [38;5;249m}[0m
 [38;5;240m    │[0m │ 
 [38;5;240m    │[0m ╰─ 
[38;5;246m─────╯[0m
[39m
  Plugin: [35mvite:oxc[39m
  File: [36mC:/Users/nakshtra/Desktop/kintox/src/components/AboutSection.jsx[39m
      at transformWithOxc (file:///C:/Users/nakshtra/Desktop/kintox/node_modules/vite/dist/node/chunks/node.js:3344:19)
      at TransformPluginContext.transform (file:///C:/Users/nakshtra/Desktop/kintox/node_modules/vite/dist/node/chunks/node.js:3415:26)
      at EnvironmentPluginContainer.transform (file:///C:/Users/nakshtra/Desktop/kintox/node_modules/vite/dist/node/chunks/node.js:30387:51)
      at async loadAndTransform (file:///C:/Users/nakshtra/Desktop/kintox/node_modules/vite/dist/node/chunks/node.js:24646:26)
      at async viteTransformMiddleware (file:///C:/Users/nakshtra/Desktop/kintox/node_modules/vite/dist/node/chunks/node.js:24440:20)
[2m8:52:09 AM[22m [31m[1m[vite][22m[39m [31m[2m(client)[22m[39m [2m[console.error] [22m[vite] Failed to reload /src/components/AboutSection.jsx. This could be due to syntax errors or importing non-existent modules. (see errors above)
[2m8:52:09 AM[22m [31m[1m[vite][22m[39m [31mInternal server error: Transform failed with 1 error:

[31m[PARSE_ERROR] [0mUnexpected token. Did you mean `{'}'}` or `&rbrace;`?
     [38;5;246m╭[0m[38;5;246m─[0m[38;5;246m[[0m src/components/AboutSection.jsx:282:1 [38;5;246m][0m
     [38;5;246m│[0m
 [38;5;246m282 │[0m [38;5;249m}[0m
 [38;5;240m    │[0m │ 
 [38;5;240m    │[0m ╰─ 
[38;5;246m─────╯[0m
[39m
  Plugin: [35mvite:oxc[39m
  File: [36mC:/Users/nakshtra/Desktop/kintox/src/components/AboutSection.jsx[39m
      at transformWithOxc (file:///C:/Users/nakshtra/Desktop/kintox/node_modules/vite/dist/node/chunks/node.js:3344:19)
      at TransformPluginContext.transform (file:///C:/Users/nakshtra/Desktop/kintox/node_modules/vite/dist/node/chunks/node.js:3415:26)
      at EnvironmentPluginContainer.transform (file:///C:/Users/nakshtra/Desktop/kintox/node_modules/vite/dist/node/chunks/node.js:30387:51)
      at async loadAndTransform (file:///C:/Users/nakshtra/Desktop/kintox/node_modules/vite/dist/node/chunks/node.js:24646:26)
      at async viteTransformMiddleware (file:///C:/Users/nakshtra/Desktop/kintox/node_modules/vite/dist/node/chunks/node.js:24440:20)
[2m8:52:09 AM[22m [31m[1m[vite][22m[39m [31m[2m(client)[22m[39m [2m[console.error] [22m[vite] Failed to reload /src/components/AboutSection.jsx. This could be due to syntax errors or importing non-existent modules. (see errors above)
[2m8:52:11 AM[22m [36m[1m[vite][22m[39m [90m[2m(client)[22m[39m [32mhmr update [39m[2m/src/index.css, /src/components/ServicesSection.jsx[22m
[2m8:52:11 AM[22m [31m[1m[vite][22m[39m [31mInternal server error: Transform failed with 1 error:

[31m[PARSE_ERROR] [0mUnexpected token. Did you mean `{'}'}` or `&rbrace;`?
     [38;5;246m╭[0m[38;5;246m─[0m[38;5;246m[[0m src/components/ServicesSection.jsx:175:1 [38;5;246m][0m
     [38;5;246m│[0m
 [38;5;246m175 │[0m [38;5;249m}[0m
 [38;5;240m    │[0m │ 
 [38;5;240m    │[0m ╰─ 
[38;5;246m─────╯[0m
[39m
  Plugin: [35mvite:oxc[39m
  File: [36mC:/Users/nakshtra/Desktop/kintox/src/components/ServicesSection.jsx[39m
      at transformWithOxc (file:///C:/Users/nakshtra/Desktop/kintox/node_modules/vite/dist/node/chunks/node.js:3344:19)
      at TransformPluginContext.transform (file:///C:/Users/nakshtra/Desktop/kintox/node_modules/vite/dist/node/chunks/node.js:3415:26)
      at EnvironmentPluginContainer.transform (file:///C:/Users/nakshtra/Desktop/kintox/node_modules/vite/dist/node/chunks/node.js:30387:51)
      at async loadAndTransform (file:///C:/Users/nakshtra/Desktop/kintox/node_modules/vite/dist/node/chunks/node.js:24646:26)
      at async viteTransformMiddleware (file:///C:/Users/nakshtra/Desktop/kintox/node_modules/vite/dist/node/chunks/node.js:24440:20)
[2m8:52:11 AM[22m [31m[1m[vite][22m[39m [31m[2m(client)[22m[39m [2m[console.error] [22m[vite] Failed to reload /src/components/ServicesSection.jsx. This could be due to syntax errors or importing non-existent modules. (see errors above)
[2m8:52:11 AM[22m [31m[1m[vite][22m[39m [31mInternal server error: Transform failed with 1 error:

[31m[PARSE_ERROR] [0mUnexpected token. Did you mean `{'}'}` or `&rbrace;`?
     [38;5;246m╭[0m[38;5;246m─[0m[38;5;246m[[0m src/components/ServicesSection.jsx:175:1 [38;5;246m][0m
     [38;5;246m│[0m
 [38;5;246m175 │[0m [38;5;249m}[0m
 [38;5;240m    │[0m │ 
 [38;5;240m    │[0m ╰─ 
[38;5;246m─────╯[0m
[39m
  Plugin: [35mvite:oxc[39m
  File: [36mC:/Users/nakshtra/Desktop/kintox/src/components/ServicesSection.jsx[39m
      at transformWithOxc (file:///C:/Users/nakshtra/Desktop/kintox/node_modules/vite/dist/node/chunks/node.js:3344:19)
      at TransformPluginContext.transform (file:///C:/Users/nakshtra/Desktop/kintox/node_modules/vite/dist/node/chunks/node.js:3415:26)
      at EnvironmentPluginContainer.transform (file:///C:/Users/nakshtra/Desktop/kintox/node_modules/vite/dist/node/chunks/node.js:30387:51)
      at async loadAndTransform (file:///C:/Users/nakshtra/Desktop/kintox/node_modules/vite/dist/node/chunks/node.js:24646:26)
      at async viteTransformMiddleware (file:///C:/Users/nakshtra/Desktop/kintox/node_modules/vite/dist/node/chunks/node.js:24440:20)
[2m8:52:11 AM[22m [31m[1m[vite][22m[39m [31m[2m(client)[22m[39m [2m[console.error] [22m[vite] Failed to reload /src/components/ServicesSection.jsx. This could be due to syntax errors or importing non-existent modules. (see errors above)
[2m8:52:24 AM[22m [36m[1m[vite][22m[39m [90m[2m(client)[22m[39m [32mhmr update [39m[2m/src/index.css, /src/components/HeroSection.jsx[22m
[2m8:52:25 AM[22m [36m[1m[vite][22m[39m [90m[2m(client)[22m[39m [32mhmr update [39m[2m/src/index.css, /src/components/AboutSection.jsx[22m
[2m8:52:25 AM[22m [36m[1m[vite][22m[39m [90m[2m(client)[22m[39m [32mhmr update [39m[2m/src/index.css, /src/components/ServicesSection.jsx[22m
[2m8:52:27 AM[22m [36m[1m[vite][22m[39m [90m[2m(client)[22m[39m [32mhmr update [39m[2m/src/index.css, /src/components/ProductDetailPage.jsx[22m
[2m8:52:37 AM[22m [36m[1m[vite][22m[39m [90m[2m(client)[22m[39m [32mhmr update [39m[2m/src/index.css, /src/components/ProductDetailPage.jsx[22m
[2m8:52:37 AM[22m [31m[1m[vite][22m[39m [31mInternal server error: Transform failed with 1 error:

[31m[PARSE_ERROR] [0mUnexpected token. Did you mean `{'}'}` or `&rbrace;`?
     [38;5;246m╭[0m[38;5;246m─[0m[38;5;246m[[0m src/components/ProductDetailPage.jsx:509:1 [38;5;246m][0m
     [38;5;246m│[0m
 [38;5;246m509 │[0m [38;5;249m}[0m
 [38;5;240m    │[0m │ 
 [38;5;240m    │[0m ╰─ 
[38;5;246m─────╯[0m
[39m
  Plugin: [35mvite:oxc[39m
  File: [36mC:/Users/nakshtra/Desktop/kintox/src/components/ProductDetailPage.jsx[39m
      at transformWithOxc (file:///C:/Users/nakshtra/Desktop/kintox/node_modules/vite/dist/node/chunks/node.js:3344:19)
      at TransformPluginContext.transform (file:///C:/Users/nakshtra/Desktop/kintox/node_modules/vite/dist/node/chunks/node.js:3415:26)
      at EnvironmentPluginContainer.transform (file:///C:/Users/nakshtra/Desktop/kintox/node_modules/vite/dist/node/chunks/node.js:30387:51)
      at async loadAndTransform (file:///C:/Users/nakshtra/Desktop/kintox/node_modules/vite/dist/node/chunks/node.js:24646:26)
      at async viteTransformMiddleware (file:///C:/Users/nakshtra/Desktop/kintox/node_modules/vite/dist/node/chunks/node.js:24440:20)
[2m8:52:37 AM[22m [31m[1m[vite][22m[39m [31m[2m(client)[22m[39m [2m[console.error] [22m[vite] Failed to reload /src/components/ProductDetailPage.jsx. This could be due to syntax errors or importing non-existent modules. (see errors above)
[2m8:52:37 AM[22m [31m[1m[vite][22m[39m [31mInternal server error: Transform failed with 1 error:

[31m[PARSE_ERROR] [0mUnexpected token. Did you mean `{'}'}` or `&rbrace;`?
     [38;5;246m╭[0m[38;5;246m─[0m[38;5;246m[[0m src/components/ProductDetailPage.jsx:509:1 [38;5;246m][0m
     [38;5;246m│[0m
 [38;5;246m509 │[0m [38;5;249m}[0m
 [38;5;240m    │[0m │ 
 [38;5;240m    │[0m ╰─ 
[38;5;246m─────╯[0m
[39m
  Plugin: [35mvite:oxc[39m
  File: [36mC:/Users/nakshtra/Desktop/kintox/src/components/ProductDetailPage.jsx[39m
      at transformWithOxc (file:///C:/Users/nakshtra/Desktop/kintox/node_modules/vite/dist/node/chunks/node.js:3344:19)
      at TransformPluginContext.transform (file:///C:/Users/nakshtra/Desktop/kintox/node_modules/vite/dist/node/chunks/node.js:3415:26)
      at EnvironmentPluginContainer.transform (file:///C:/Users/nakshtra/Desktop/kintox/node_modules/vite/dist/node/chunks/node.js:30387:51)
      at async loadAndTransform (file:///C:/Users/nakshtra/Desktop/kintox/node_modules/vite/dist/node/chunks/node.js:24646:26)
      at async viteTransformMiddleware (file:///C:/Users/nakshtra/Desktop/kintox/node_modules/vite/dist/node/chunks/node.js:24440:20)
[2m8:52:37 AM[22m [31m[1m[vite][22m[39m [31m[2m(client)[22m[39m [2m[console.error] [22m[vite] Failed to reload /src/components/ProductDetailPage.jsx. This could be due to syntax errors or importing non-existent modules. (see errors above)
[2m8:52:38 AM[22m [36m[1m[vite][22m[39m [90m[2m(client)[22m[39m [32mhmr update [39m[2m/src/index.css, /src/components/ProductDetailPage.jsx[22m
[2m8:52:52 AM[22m [36m[1m[vite][22m[39m [90m[2m(client)[22m[39m [32mhmr update [39m[2m/src/index.css, /src/components/CartPage.jsx[22m
[2m8:53:06 AM[22m [36m[1m[vite][22m[39m [90m[2m(client)[22m[39m [32mhmr update [39m[2m/src/index.css, /src/components/PortfolioSection.jsx[22m
[2m8:53:06 AM[22m [31m[1m[vite][22m[39m [31mInternal server error: Transform failed with 1 error:

[31m[PARSE_ERROR] [0mUnexpected token. Did you mean `{'}'}` or `&rbrace;`?
     [38;5;246m╭[0m[38;5;246m─[0m[38;5;246m[[0m src/components/PortfolioSection.jsx:587:1 [38;5;246m][0m
     [38;5;246m│[0m
 [38;5;246m587 │[0m [38;5;249m}[0m
 [38;5;240m    │[0m │ 
 [38;5;240m    │[0m ╰─ 
[38;5;246m─────╯[0m
[39m
  Plugin: [35mvite:oxc[39m
  File: [36mC:/Users/nakshtra/Desktop/kintox/src/components/PortfolioSection.jsx[39m
      at transformWithOxc (file:///C:/Users/nakshtra/Desktop/kintox/node_modules/vite/dist/node/chunks/node.js:3344:19)
      at TransformPluginContext.transform (file:///C:/Users/nakshtra/Desktop/kintox/node_modules/vite/dist/node/chunks/node.js:3415:26)
      at EnvironmentPluginContainer.transform (file:///C:/Users/nakshtra/Desktop/kintox/node_modules/vite/dist/node/chunks/node.js:30387:51)
      at async loadAndTransform (file:///C:/Users/nakshtra/Desktop/kintox/node_modules/vite/dist/node/chunks/node.js:24646:26)
      at async viteTransformMiddleware (file:///C:/Users/nakshtra/Desktop/kintox/node_modules/vite/dist/node/chunks/node.js:24440:20)
[2m8:53:06 AM[22m [31m[1m[vite][22m[39m [31m[2m(client)[22m[39m [2m[console.error] [22m[vite] Failed to reload /src/components/PortfolioSection.jsx. This could be due to syntax errors or importing non-existent modules. (see errors above)
[2m8:53:06 AM[22m [31m[1m[vite][22m[39m [31mInternal server error: Transform failed with 1 error:

[31m[PARSE_ERROR] [0mUnexpected token. Did you mean `{'}'}` or `&rbrace;`?
     [38;5;246m╭[0m[38;5;246m─[0m[38;5;246m[[0m src/components/PortfolioSection.jsx:587:1 [38;5;246m][0m
     [38;5;246m│[0m
 [38;5;246m587 │[0m [38;5;249m}[0m
 [38;5;240m    │[0m │ 
 [38;5;240m    │[0m ╰─ 
[38;5;246m─────╯[0m
[39m
  Plugin: [35mvite:oxc[39m
  File: [36mC:/Users/nakshtra/Desktop/kintox/src/components/PortfolioSection.jsx[39m
      at transformWithOxc (file:///C:/Users/nakshtra/Desktop/kintox/node_modules/vite/dist/node/chunks/node.js:3344:19)
      at TransformPluginContext.transform (file:///C:/Users/nakshtra/Desktop/kintox/node_modules/vite/dist/node/chunks/node.js:3415:26)
      at EnvironmentPluginContainer.transform (file:///C:/Users/nakshtra/Desktop/kintox/node_modules/vite/dist/node/chunks/node.js:30387:51)
      at async loadAndTransform (file:///C:/Users/nakshtra/Desktop/kintox/node_modules/vite/dist/node/chunks/node.js:24646:26)
      at async viteTransformMiddleware (file:///C:/Users/nakshtra/Desktop/kintox/node_modules/vite/dist/node/chunks/node.js:24440:20)
[2m8:53:06 AM[22m [31m[1m[vite][22m[39m [31m[2m(client)[22m[39m [2m[console.error] [22m[vite] Failed to reload /src/components/PortfolioSection.jsx. This could be due to syntax errors or importing non-existent modules. (see errors above)
[2m8:53:06 AM[22m [36m[1m[vite][22m[39m [90m[2m(client)[22m[39m [32mhmr update [39m[2m/src/index.css, /src/components/PortfolioSection.jsx[22m
[2m8:53:12 AM[22m [36m[1m[vite][22m[39m [90m[2m(client)[22m[39m [32mhmr update [39m[2m/src/index.css, /src/components/PortfolioSection.jsx[22m
[2m8:53:15 AM[22m [36m[1m[vite][22m[39m [90m[2m(client)[22m[39m [32mhmr update [39m[2m/src/components/Navbar.jsx, /src/index.css[22m
[2m8:53:29 AM[22m [36m[1m[vite][22m[39m [90m[2m(client)[22m[39m [32mhmr update [39m[2m/src/index.css, /src/components/NotFoundPage.jsx[22m
[2m8:58:49 AM[22m [36m[1m[vite][22m[39m [90m[2m(client)[22m[39m [32mhmr update [39m[2m/src/index.css, /src/components/ServicesSection.jsx[22m
[2m8:58:53 AM[22m [36m[1m[vite][22m[39m [90m[2m(client)[22m[39m [32mhmr update [39m[2m/src/index.css, /src/components/ServicesSection.jsx[22m
[2m8:59:01 AM[22m [36m[1m[vite][22m[39m [90m[2m(client)[22m[39m [32mhmr update [39m[2m/src/index.css, /src/components/ServicesSection.jsx[22m
[2m8:59:10 AM[22m [36m[1m[vite][22m[39m [90m[2m(client)[22m[39m [32mhmr update [39m[2m/src/index.css, /src/components/ServicesSection.jsx[22m
[2m9:15:17 AM[22m [36m[1m[vite][22m[39m [90m[2m(client)[22m[39m [32mhmr update [39m[2m/src/index.css, /src/components/ServicesSection.jsx[22m
[2m9:15:30 AM[22m [36m[1m[vite][22m[39m [90m[2m(client)[22m[39m [32mhmr update [39m[2m/src/index.css, /src/components/ServicesSection.jsx[22m
[2m9:15:51 AM[22m [36m[1m[vite][22m[39m [90m[2m(client)[22m[39m [32mhmr update [39m[2m/src/index.css, /src/components/ServicesSection.jsx[22m
[2m9:33:25 AM[22m [36m[1m[vite][22m[39m [90m[2m(client)[22m[39m [32mhmr update [39m[2m/src/index.css, /src/components/ServicesSection.jsx[22m
[2m9:33:32 AM[22m [36m[1m[vite][22m[39m [90m[2m(client)[22m[39m [32mhmr update [39m[2m/src/index.css, /src/components/ServicesSection.jsx[22m
[2m9:33:56 AM[22m [36m[1m[vite][22m[39m [90m[2m(client)[22m[39m [32mhmr update [39m[2m/src/index.css, /src/components/ServicesSection.jsx[22m
[2m9:43:44 AM[22m [36m[1m[vite][22m[39m [90m[2m(client)[22m[39m [32mhmr update [39m[2m/src/index.css, /src/components/ServicesSection.jsx[22m
[2m9:46:27 AM[22m [36m[1m[vite][22m[39m [90m[2m(client)[22m[39m [32mhmr update [39m[2m/src/index.css, /src/components/ServicesSection.jsx[22m
[2m9:46:39 AM[22m [36m[1m[vite][22m[39m [90m[2m(client)[22m[39m [32mhmr update [39m[2m/src/index.css, /src/components/ServicesSection.jsx[22m
[2m9:46:39 AM[22m [31m[1m[vite][22m[39m [31mInternal server error: Transform failed with 1 error:

[31m[PARSE_ERROR] [0mExpected `,` or `)` but found `<`
     [38;5;246m╭[0m[38;5;246m─[0m[38;5;246m[[0m src/components/ServicesSection.jsx:617:13 [38;5;246m][0m
     [38;5;246m│[0m
 [38;5;246m557 │[0m [38;5;249m [0m[38;5;249m [0m[38;5;249m [0m[38;5;249m [0m[38;5;249m [0m[38;5;249m [0m[38;5;249m [0m[38;5;249m [0m[38;5;249m [0m[38;5;249m [0m[38;5;249m [0m[38;5;249m [0m[38;5;249m [0m[38;5;249m [0m[38;5;249m{[0m[38;5;249mf[0m[38;5;249mo[0m[38;5;249mr[0m[38;5;249mm[0m[38;5;249mS[0m[38;5;249mt[0m[38;5;249me[0m[38;5;249mp[0m[38;5;249m [0m[38;5;249m=[0m[38;5;249m=[0m[38;5;249m=[0m[38;5;249m [0m[38;5;249m'[0m[38;5;249mc[0m[38;5;249mo[0m[38;5;249mn[0m[38;5;249mf[0m[38;5;249mi[0m[38;5;249mr[0m[38;5;249mm[0m[38;5;249m'[0m[38;5;249m [0m[38;5;249m&[0m[38;5;249m&[0m[38;5;249m [0m([38;5;249m([0m[38;5;249m)[0m[38;5;249m [0m[38;5;249m=[0m[38;5;249m>[0m[38;5;249m [0m[38;5;249m{[0m
 [38;5;240m    │[0m                                          ┬  
 [38;5;240m    │[0m                                          ╰── Opened here
 [38;5;240m    │[0m 
 [38;5;246m617 │[0m [38;5;249m [0m[38;5;249m [0m[38;5;249m [0m[38;5;249m [0m[38;5;249m [0m[38;5;249m [0m[38;5;249m [0m[38;5;249m [0m[38;5;249m [0m[38;5;249m [0m[38;5;249m [0m[38;5;249m [0m<[38;5;249m/[0m[38;5;249mm[0m[38;5;249mo[0m[38;5;249mt[0m[38;5;249mi[0m[38;5;249mo[0m[38;5;249mn[0m[38;5;249m.[0m[38;5;249md[0m[38;5;249mi[0m[38;5;249mv[0m[38;5;249m>[0m
 [38;5;240m    │[0m             ┬  
 [38;5;240m    │[0m             ╰── `,` or `)` expected
[38;5;246m─────╯[0m
[39m
  Plugin: [35mvite:oxc[39m
  File: [36mC:/Users/nakshtra/Desktop/kintox/src/components/ServicesSection.jsx[39m
      at transformWithOxc (file:///C:/Users/nakshtra/Desktop/kintox/node_modules/vite/dist/node/chunks/node.js:3344:19)
      at TransformPluginContext.transform (file:///C:/Users/nakshtra/Desktop/kintox/node_modules/vite/dist/node/chunks/node.js:3415:26)
      at EnvironmentPluginContainer.transform (file:///C:/Users/nakshtra/Desktop/kintox/node_modules/vite/dist/node/chunks/node.js:30387:51)
      at async loadAndTransform (file:///C:/Users/nakshtra/Desktop/kintox/node_modules/vite/dist/node/chunks/node.js:24646:26)
      at async viteTransformMiddleware (file:///C:/Users/nakshtra/Desktop/kintox/node_modules/vite/dist/node/chunks/node.js:24440:20)
[2m9:46:39 AM[22m [31m[1m[vite][22m[39m [31mInternal server error: Transform failed with 1 error:

[31m[PARSE_ERROR] [0mExpected `,` or `)` but found `<`
     [38;5;246m╭[0m[38;5;246m─[0m[38;5;246m[[0m src/components/ServicesSection.jsx:617:13 [38;5;246m][0m
     [38;5;246m│[0m
 [38;5;246m557 │[0m [38;5;249m [0m[38;5;249m [0m[38;5;249m [0m[38;5;249m [0m[38;5;249m [0m[38;5;249m [0m[38;5;249m [0m[38;5;249m [0m[38;5;249m [0m[38;5;249m [0m[38;5;249m [0m[38;5;249m [0m[38;5;249m [0m[38;5;249m [0m[38;5;249m{[0m[38;5;249mf[0m[38;5;249mo[0m[38;5;249mr[0m[38;5;249mm[0m[38;5;249mS[0m[38;5;249mt[0m[38;5;249me[0m[38;5;249mp[0m[38;5;249m [0m[38;5;249m=[0m[38;5;249m=[0m[38;5;249m=[0m[38;5;249m [0m[38;5;249m'[0m[38;5;249mc[0m[38;5;249mo[0m[38;5;249mn[0m[38;5;249mf[0m[38;5;249mi[0m[38;5;249mr[0m[38;5;249mm[0m[38;5;249m'[0m[38;5;249m [0m[38;5;249m&[0m[38;5;249m&[0m[38;5;249m [0m([38;5;249m([0m[38;5;249m)[0m[38;5;249m [0m[38;5;249m=[0m[38;5;249m>[0m[38;5;249m [0m[38;5;249m{[0m
 [38;5;240m    │[0m                                          ┬  
 [38;5;240m    │[0m                                          ╰── Opened here
 [38;5;240m    │[0m 
 [38;5;246m617 │[0m [38;5;249m [0m[38;5;249m [0m[38;5;249m [0m[38;5;249m [0m[38;5;249m [0m[38;5;249m [0m[38;5;249m [0m[38;5;249m [0m[38;5;249m [0m[38;5;249m [0m[38;5;249m [0m[38;5;249m [0m<[38;5;249m/[0m[38;5;249mm[0m[38;5;249mo[0m[38;5;249mt[0m[38;5;249mi[0m[38;5;249mo[0m[38;5;249mn[0m[38;5;249m.[0m[38;5;249md[0m[38;5;249mi[0m[38;5;249mv[0m[38;5;249m>[0m
 [38;5;240m    │[0m             ┬  
 [38;5;240m    │[0m             ╰── `,` or `)` expected
[38;5;246m─────╯[0m
[39m
  Plugin: [35mvite:oxc[39m
  File: [36mC:/Users/nakshtra/Desktop/kintox/src/components/ServicesSection.jsx[39m
      at transformWithOxc (file:///C:/Users/nakshtra/Desktop/kintox/node_modules/vite/dist/node/chunks/node.js:3344:19)
      at TransformPluginContext.transform (file:///C:/Users/nakshtra/Desktop/kintox/node_modules/vite/dist/node/chunks/node.js:3415:26)
      at EnvironmentPluginContainer.transform (file:///C:/Users/nakshtra/Desktop/kintox/node_modules/vite/dist/node/chunks/node.js:30387:51)
      at async loadAndTransform (file:///C:/Users/nakshtra/Desktop/kintox/node_modules/vite/dist/node/chunks/node.js:24646:26)
      at async viteTransformMiddleware (file:///C:/Users/nakshtra/Desktop/kintox/node_modules/vite/dist/node/chunks/node.js:24440:20)
[2m9:46:39 AM[22m [31m[1m[vite][22m[39m [31m[2m(client)[22m[39m [2m[console.error] [22m[vite] Failed to reload /src/components/ServicesSection.jsx. This could be due to syntax errors or importing non-existent modules. (see errors above)
[2m9:46:39 AM[22m [31m[1m[vite][22m[39m [31mInternal server error: Transform failed with 1 error:

[31m[PARSE_ERROR] [0mExpected `,` or `)` but found `<`
     [38;5;246m╭[0m[38;5;246m─[0m[38;5;246m[[0m src/components/ServicesSection.jsx:617:13 [38;5;246m][0m
     [38;5;246m│[0m
 [38;5;246m557 │[0m [38;5;249m [0m[38;5;249m [0m[38;5;249m [0m[38;5;249m [0m[38;5;249m [0m[38;5;249m [0m[38;5;249m [0m[38;5;249m [0m[38;5;249m [0m[38;5;249m [0m[38;5;249m [0m[38;5;249m [0m[38;5;249m [0m[38;5;249m [0m[38;5;249m{[0m[38;5;249mf[0m[38;5;249mo[0m[38;5;249mr[0m[38;5;249mm[0m[38;5;249mS[0m[38;5;249mt[0m[38;5;249me[0m[38;5;249mp[0m[38;5;249m [0m[38;5;249m=[0m[38;5;249m=[0m[38;5;249m=[0m[38;5;249m [0m[38;5;249m'[0m[38;5;249mc[0m[38;5;249mo[0m[38;5;249mn[0m[38;5;249mf[0m[38;5;249mi[0m[38;5;249mr[0m[38;5;249mm[0m[38;5;249m'[0m[38;5;249m [0m[38;5;249m&[0m[38;5;249m&[0m[38;5;249m [0m([38;5;249m([0m[38;5;249m)[0m[38;5;249m [0m[38;5;249m=[0m[38;5;249m>[0m[38;5;249m [0m[38;5;249m{[0m
 [38;5;240m    │[0m                                          ┬  
 [38;5;240m    │[0m                                          ╰── Opened here
 [38;5;240m    │[0m 
 [38;5;246m617 │[0m [38;5;249m [0m[38;5;249m [0m[38;5;249m [0m[38;5;249m [0m[38;5;249m [0m[38;5;249m [0m[38;5;249m [0m[38;5;249m [0m[38;5;249m [0m[38;5;249m [0m[38;5;249m [0m[38;5;249m [0m<[38;5;249m/[0m[38;5;249mm[0m[38;5;249mo[0m[38;5;249mt[0m[38;5;249mi[0m[38;5;249mo[0m[38;5;249mn[0m[38;5;249m.[0m[38;5;249md[0m[38;5;249mi[0m[38;5;249mv[0m[38;5;249m>[0m
 [38;5;240m    │[0m             ┬  
 [38;5;240m    │[0m             ╰── `,` or `)` expected
[38;5;246m─────╯[0m
[39m
  Plugin: [35mvite:oxc[39m
  File: [36mC:/Users/nakshtra/Desktop/kintox/src/components/ServicesSection.jsx[39m
      at transformWithOxc (file:///C:/Users/nakshtra/Desktop/kintox/node_modules/vite/dist/node/chunks/node.js:3344:19)
      at TransformPluginContext.transform (file:///C:/Users/nakshtra/Desktop/kintox/node_modules/vite/dist/node/chunks/node.js:3415:26)
      at EnvironmentPluginContainer.transform (file:///C:/Users/nakshtra/Desktop/kintox/node_modules/vite/dist/node/chunks/node.js:30387:51)
      at async loadAndTransform (file:///C:/Users/nakshtra/Desktop/kintox/node_modules/vite/dist/node/chunks/node.js:24646:26)
      at async viteTransformMiddleware (file:///C:/Users/nakshtra/Desktop/kintox/node_modules/vite/dist/node/chunks/node.js:24440:20)
[2m9:46:39 AM[22m [31m[1m[vite][22m[39m [31m[2m(client)[22m[39m [2m[console.error] [22m[vite] Failed to reload /src/components/ServicesSection.jsx. This could be due to syntax errors or importing non-existent modules. (see errors above)
[2m9:46:39 AM[22m [31m[1m[vite][22m[39m [31m[2m(client)[22m[39m [2m[console.error] [22m[vite] Failed to reload /src/components/ServicesSection.jsx. This could be due to syntax errors or importing non-existent modules. (see errors above)
[2m9:46:52 AM[22m [36m[1m[vite][22m[39m [90m[2m(client)[22m[39m [32mhmr update [39m[2m/src/index.css, /src/components/ServicesSection.jsx[22m
[2m9:52:43 AM[22m [36m[1m[vite][22m[39m [90m[2m(client)[22m[39m [32mhmr update [39m[2m/src/index.css, /src/components/ServicesSection.jsx[22m
[2m9:52:56 AM[22m [36m[1m[vite][22m[39m [90m[2m(client)[22m[39m [32mhmr update [39m[2m/src/index.css, /src/components/ServicesSection.jsx[22m
[2m9:53:00 AM[22m [36m[1m[vite][22m[39m [90m[2m(client)[22m[39m [32mhmr update [39m[2m/src/index.css, /src/components/ServicesSection.jsx[22m
[2m9:53:05 AM[22m [36m[1m[vite][22m[39m [90m[2m(client)[22m[39m [32mhmr update [39m[2m/src/index.css, /src/components/ServicesSection.jsx[22m
[2m9:54:02 AM[22m [36m[1m[vite][22m[39m [90m[2m(client)[22m[39m [32mhmr update [39m[2m/src/index.css, /src/components/ServicesSection.jsx[22m
[2m10:02:19 AM[22m [36m[1m[vite][22m[39m [90m[2m(client)[22m[39m [32mhmr update [39m[2m/src/index.css, /src/components/ServicesSection.jsx[22m
[2m10:02:32 AM[22m [36m[1m[vite][22m[39m [90m[2m(client)[22m[39m [32mhmr update [39m[2m/src/index.css, /src/components/ServicesSection.jsx[22m
[2m10:02:32 AM[22m [31m[1m[vite][22m[39m [31mInternal server error: Transform failed with 1 error:

[31m[PARSE_ERROR] [0mExpected corresponding JSX closing tag for 'Link'.
     [38;5;246m╭[0m[38;5;246m─[0m[38;5;246m[[0m src/components/ServicesSection.jsx:468:21 [38;5;246m][0m
     [38;5;246m│[0m
 [38;5;246m459 │[0m [38;5;249m [0m[38;5;249m [0m[38;5;249m [0m[38;5;249m [0m[38;5;249m [0m[38;5;249m [0m[38;5;249m [0m[38;5;249m [0m[38;5;249m [0m[38;5;249m [0m[38;5;249m [0m[38;5;249m [0m[38;5;249m [0m[38;5;249m [0m[38;5;249m [0m[38;5;249m [0m[38;5;249m [0m[38;5;249m [0m[38;5;249m<[0mLink
 [38;5;240m    │[0m                    ──┬─  
 [38;5;240m    │[0m                      ╰─── Opened here
 [38;5;240m    │[0m 
 [38;5;246m468 │[0m [38;5;249m [0m[38;5;249m [0m[38;5;249m [0m[38;5;249m [0m[38;5;249m [0m[38;5;249m [0m[38;5;249m [0m[38;5;249m [0m[38;5;249m [0m[38;5;249m [0m[38;5;249m [0m[38;5;249m [0m[38;5;249m [0m[38;5;249m [0m[38;5;249m [0m[38;5;249m [0m[38;5;249m [0m[38;5;249m [0m[38;5;249m<[0m[38;5;249m/[0ma[38;5;249m>[0m
 [38;5;240m    │[0m                     ┬  
 [38;5;240m    │[0m                     ╰── Expected `</Link>`
[38;5;246m─────╯[0m
[39m
  Plugin: [35mvite:oxc[39m
  File: [36mC:/Users/nakshtra/Desktop/kintox/src/components/ServicesSection.jsx[39m
      at transformWithOxc (file:///C:/Users/nakshtra/Desktop/kintox/node_modules/vite/dist/node/chunks/node.js:3344:19)
      at TransformPluginContext.transform (file:///C:/Users/nakshtra/Desktop/kintox/node_modules/vite/dist/node/chunks/node.js:3415:26)
      at EnvironmentPluginContainer.transform (file:///C:/Users/nakshtra/Desktop/kintox/node_modules/vite/dist/node/chunks/node.js:30387:51)
      at async loadAndTransform (file:///C:/Users/nakshtra/Desktop/kintox/node_modules/vite/dist/node/chunks/node.js:24646:26)
      at async viteTransformMiddleware (file:///C:/Users/nakshtra/Desktop/kintox/node_modules/vite/dist/node/chunks/node.js:24440:20)
[2m10:02:32 AM[22m [31m[1m[vite][22m[39m [31m[2m(client)[22m[39m [2m[console.error] [22m[vite] Failed to reload /src/components/ServicesSection.jsx. This could be due to syntax errors or importing non-existent modules. (see errors above)
[2m10:02:32 AM[22m [31m[1m[vite][22m[39m [31mInternal server error: Transform failed with 1 error:

[31m[PARSE_ERROR] [0mExpected corresponding JSX closing tag for 'Link'.
     [38;5;246m╭[0m[38;5;246m─[0m[38;5;246m[[0m src/components/ServicesSection.jsx:468:21 [38;5;246m][0m
     [38;5;246m│[0m
 [38;5;246m459 │[0m [38;5;249m [0m[38;5;249m [0m[38;5;249m [0m[38;5;249m [0m[38;5;249m [0m[38;5;249m [0m[38;5;249m [0m[38;5;249m [0m[38;5;249m [0m[38;5;249m [0m[38;5;249m [0m[38;5;249m [0m[38;5;249m [0m[38;5;249m [0m[38;5;249m [0m[38;5;249m [0m[38;5;249m [0m[38;5;249m [0m[38;5;249m<[0mLink
 [38;5;240m    │[0m                    ──┬─  
 [38;5;240m    │[0m                      ╰─── Opened here
 [38;5;240m    │[0m 
 [38;5;246m468 │[0m [38;5;249m [0m[38;5;249m [0m[38;5;249m [0m[38;5;249m [0m[38;5;249m [0m[38;5;249m [0m[38;5;249m [0m[38;5;249m [0m[38;5;249m [0m[38;5;249m [0m[38;5;249m [0m[38;5;249m [0m[38;5;249m [0m[38;5;249m [0m[38;5;249m [0m[38;5;249m [0m[38;5;249m [0m[38;5;249m [0m[38;5;249m<[0m[38;5;249m/[0ma[38;5;249m>[0m
 [38;5;240m    │[0m                     ┬  
 [38;5;240m    │[0m                     ╰── Expected `</Link>`
[38;5;246m─────╯[0m
[39m
  Plugin: [35mvite:oxc[39m
  File: [36mC:/Users/nakshtra/Desktop/kintox/src/components/ServicesSection.jsx[39m
      at transformWithOxc (file:///C:/Users/nakshtra/Desktop/kintox/node_modules/vite/dist/node/chunks/node.js:3344:19)
      at TransformPluginContext.transform (file:///C:/Users/nakshtra/Desktop/kintox/node_modules/vite/dist/node/chunks/node.js:3415:26)
      at EnvironmentPluginContainer.transform (file:///C:/Users/nakshtra/Desktop/kintox/node_modules/vite/dist/node/chunks/node.js:30387:51)
      at async loadAndTransform (file:///C:/Users/nakshtra/Desktop/kintox/node_modules/vite/dist/node/chunks/node.js:24646:26)
      at async viteTransformMiddleware (file:///C:/Users/nakshtra/Desktop/kintox/node_modules/vite/dist/node/chunks/node.js:24440:20)
[2m10:02:32 AM[22m [31m[1m[vite][22m[39m [31mInternal server error: Transform failed with 1 error:

[31m[PARSE_ERROR] [0mExpected corresponding JSX closing tag for 'Link'.
     [38;5;246m╭[0m[38;5;246m─[0m[38;5;246m[[0m src/components/ServicesSection.jsx:468:21 [38;5;246m][0m
     [38;5;246m│[0m
 [38;5;246m459 │[0m [38;5;249m [0m[38;5;249m [0m[38;5;249m [0m[38;5;249m [0m[38;5;249m [0m[38;5;249m [0m[38;5;249m [0m[38;5;249m [0m[38;5;249m [0m[38;5;249m [0m[38;5;249m [0m[38;5;249m [0m[38;5;249m [0m[38;5;249m [0m[38;5;249m [0m[38;5;249m [0m[38;5;249m [0m[38;5;249m [0m[38;5;249m<[0mLink
 [38;5;240m    │[0m                    ──┬─  
 [38;5;240m    │[0m                      ╰─── Opened here
 [38;5;240m    │[0m 
 [38;5;246m468 │[0m [38;5;249m [0m[38;5;249m [0m[38;5;249m [0m[38;5;249m [0m[38;5;249m [0m[38;5;249m [0m[38;5;249m [0m[38;5;249m [0m[38;5;249m [0m[38;5;249m [0m[38;5;249m [0m[38;5;249m [0m[38;5;249m [0m[38;5;249m [0m[38;5;249m [0m[38;5;249m [0m[38;5;249m [0m[38;5;249m [0m[38;5;249m<[0m[38;5;249m/[0ma[38;5;249m>[0m
 [38;5;240m    │[0m                     ┬  
 [38;5;240m    │[0m                     ╰── Expected `</Link>`
[38;5;246m─────╯[0m
[39m
  Plugin: [35mvite:oxc[39m
  File: [36mC:/Users/nakshtra/Desktop/kintox/src/components/ServicesSection.jsx[39m
      at transformWithOxc (file:///C:/Users/nakshtra/Desktop/kintox/node_modules/vite/dist/node/chunks/node.js:3344:19)
      at TransformPluginContext.transform (file:///C:/Users/nakshtra/Desktop/kintox/node_modules/vite/dist/node/chunks/node.js:3415:26)
      at EnvironmentPluginContainer.transform (file:///C:/Users/nakshtra/Desktop/kintox/node_modules/vite/dist/node/chunks/node.js:30387:51)
      at async loadAndTransform (file:///C:/Users/nakshtra/Desktop/kintox/node_modules/vite/dist/node/chunks/node.js:24646:26)
      at async viteTransformMiddleware (file:///C:/Users/nakshtra/Desktop/kintox/node_modules/vite/dist/node/chunks/node.js:24440:20)
[2m10:02:32 AM[22m [31m[1m[vite][22m[39m [31m[2m(client)[22m[39m [2m[console.error] [22m[vite] Failed to reload /src/components/ServicesSection.jsx. This could be due to syntax errors or importing non-existent modules. (see errors above)
[2m10:02:32 AM[22m [31m[1m[vite][22m[39m [31m[2m(client)[22m[39m [2m[console.error] [22m[vite] Failed to reload /src/components/ServicesSection.jsx. This could be due to syntax errors or importing non-existent modules. (see errors above)
[2m10:02:46 AM[22m [36m[1m[vite][22m[39m [90m[2m(client)[22m[39m [32mhmr update [39m[2m/src/index.css, /src/components/ServicesSection.jsx[22m
[2m10:03:09 AM[22m [36m[1m[vite][22m[39m [90m[2m(client)[22m[39m [32mhmr update [39m[2m/src/index.css, /src/components/ServicesSection.jsx[22m
[2m10:03:22 AM[22m [36m[1m[vite][22m[39m [90m[2m(client)[22m[39m [32mhmr update [39m[2m/src/index.css, /src/components/ServicesSection.jsx[22m
[2m10:03:31 AM[22m [36m[1m[vite][22m[39m [90m[2m(client)[22m[39m [32mhmr update [39m[2m/src/index.css, /src/components/ServicesSection.jsx[22m
[2m10:03:40 AM[22m [36m[1m[vite][22m[39m [90m[2m(client)[22m[39m [32mhmr update [39m[2m/src/index.css, /src/components/ServicesSection.jsx[22m
[2m10:04:00 AM[22m [36m[1m[vite][22m[39m [90m[2m(client)[22m[39m [32mhmr update [39m[2m/src/index.css, /src/components/ServicesSection.jsx[22m
[2m10:04:19 AM[22m [36m[1m[vite][22m[39m [90m[2m(client)[22m[39m [32mhmr update [39m[2m/src/index.css, /src/components/ServicesSection.jsx[22m
[2m10:04:39 AM[22m [36m[1m[vite][22m[39m [90m[2m(client)[22m[39m [32mhmr update [39m[2m/src/index.css, /src/components/ServicesSection.jsx[22m
[2m10:04:43 AM[22m [36m[1m[vite][22m[39m [90m[2m(client)[22m[39m [32mhmr update [39m[2m/src/index.css, /src/components/ServicesSection.jsx[22m
[2m10:04:48 AM[22m [36m[1m[vite][22m[39m [90m[2m(client)[22m[39m [32mhmr update [39m[2m/src/index.css, /src/components/ServicesSection.jsx[22m
[2m10:04:57 AM[22m [36m[1m[vite][22m[39m [90m[2m(client)[22m[39m [32mhmr update [39m[2m/src/index.css, /src/components/ServicesSection.jsx[22m
[2m10:10:01 AM[22m [36m[1m[vite][22m[39m [90m[2m(client)[22m[39m [32mhmr update [39m[2m/src/index.css, /src/components/ServicesSection.jsx[22m
[2m10:12:53 AM[22m [36m[1m[vite][22m[39m [90m[2m(client)[22m[39m [32mhmr update [39m[2m/src/index.css, /src/components/ServicesSection.jsx[22m
[2m10:12:53 AM[22m [36m[1m[vite][22m[39m [90m[2m(client)[22m[39m [32mhmr update [39m[2m/src/index.css, /src/components/ServicesSection.jsx[22m
[2m10:12:54 AM[22m [36m[1m[vite][22m[39m [90m[2m(client)[22m[39m [32mhmr update [39m[2m/src/index.css, /src/components/ServicesSection.jsx[22m
[2m10:12:55 AM[22m [36m[1m[vite][22m[39m [90m[2m(client)[22m[39m [32mhmr update [39m[2m/src/index.css, /src/components/ServicesSection.jsx[22m
[2m10:12:55 AM[22m [36m[1m[vite][22m[39m [90m[2m(client)[22m[39m [32mhmr update [39m[2m/src/index.css, /src/components/ServicesSection.jsx[22m
[2m10:12:57 AM[22m [36m[1m[vite][22m[39m [90m[2m(client)[22m[39m [32mhmr update [39m[2m/src/index.css, /src/components/ServicesSection.jsx[22m
[2m10:12:58 AM[22m [36m[1m[vite][22m[39m [90m[2m(client)[22m[39m [32mhmr update [39m[2m/src/index.css, /src/components/ServicesSection.jsx[22m
[2m10:13:23 AM[22m [36m[1m[vite][22m[39m [90m[2m(client)[22m[39m [32mhmr update [39m[2m/src/index.css, /src/components/ServicesSection.jsx[22m
[2m10:16:54 AM[22m [36m[1m[vite][22m[39m [90m[2m(client)[22m[39m [32mhmr update [39m[2m/src/index.css, /src/components/ServicesSection.jsx[22m
[2m10:17:02 AM[22m [36m[1m[vite][22m[39m [90m[2m(client)[22m[39m [32mhmr update [39m[2m/src/index.css, /src/components/ServicesSection.jsx[22m
[2m10:17:09 AM[22m [36m[1m[vite][22m[39m [90m[2m(client)[22m[39m [32mhmr update [39m[2m/src/index.css, /src/components/ServicesSection.jsx[22m
[2m10:17:16 AM[22m [36m[1m[vite][22m[39m [90m[2m(client)[22m[39m [32mhmr update [39m[2m/src/index.css, /src/components/ServicesSection.jsx[22m
[2m10:17:16 AM[22m [31m[1m[vite][22m[39m [31mInternal server error: Transform failed with 1 error:

[31m[PARSE_ERROR] [0mExpected a semicolon or an implicit semicolon after a statement, but found none
     [38;5;246m╭[0m[38;5;246m─[0m[38;5;246m[[0m src/components/ServicesSection.jsx:447:10 [38;5;246m][0m
     [38;5;246m│[0m
 [38;5;246m447 │[0m [38;5;249m [0m[38;5;249m [0m[38;5;249m [0m[38;5;249m [0m[38;5;249m [0m[38;5;249m [0m[38;5;249m [0m[38;5;249m [0m[38;5;249m)[0m[38;5;249m)[0m[38;5;249m}[0m
 [38;5;240m    │[0m          │ 
 [38;5;240m    │[0m          ╰─ 
 [38;5;240m    │[0m 
 [38;5;240m    │[0m [38;5;115mHelp[0m: Try inserting a semicolon here
[38;5;246m─────╯[0m
[39m
  Plugin: [35mvite:oxc[39m
  File: [36mC:/Users/nakshtra/Desktop/kintox/src/components/ServicesSection.jsx[39m
      at transformWithOxc (file:///C:/Users/nakshtra/Desktop/kintox/node_modules/vite/dist/node/chunks/node.js:3344:19)
      at TransformPluginContext.transform (file:///C:/Users/nakshtra/Desktop/kintox/node_modules/vite/dist/node/chunks/node.js:3415:26)
      at EnvironmentPluginContainer.transform (file:///C:/Users/nakshtra/Desktop/kintox/node_modules/vite/dist/node/chunks/node.js:30387:51)
      at async loadAndTransform (file:///C:/Users/nakshtra/Desktop/kintox/node_modules/vite/dist/node/chunks/node.js:24646:26)
      at async viteTransformMiddleware (file:///C:/Users/nakshtra/Desktop/kintox/node_modules/vite/dist/node/chunks/node.js:24440:20)
[2m10:17:16 AM[22m [31m[1m[vite][22m[39m [31m[2m(client)[22m[39m [2m[console.error] [22m[vite] Failed to reload /src/components/ServicesSection.jsx. This could be due to syntax errors or importing non-existent modules. (see errors above)
[2m10:17:16 AM[22m [31m[1m[vite][22m[39m [31mInternal server error: Transform failed with 1 error:

[31m[PARSE_ERROR] [0mExpected a semicolon or an implicit semicolon after a statement, but found none
     [38;5;246m╭[0m[38;5;246m─[0m[38;5;246m[[0m src/components/ServicesSection.jsx:447:10 [38;5;246m][0m
     [38;5;246m│[0m
 [38;5;246m447 │[0m [38;5;249m [0m[38;5;249m [0m[38;5;249m [0m[38;5;249m [0m[38;5;249m [0m[38;5;249m [0m[38;5;249m [0m[38;5;249m [0m[38;5;249m)[0m[38;5;249m)[0m[38;5;249m}[0m
 [38;5;240m    │[0m          │ 
 [38;5;240m    │[0m          ╰─ 
 [38;5;240m    │[0m 
 [38;5;240m    │[0m [38;5;115mHelp[0m: Try inserting a semicolon here
[38;5;246m─────╯[0m
[39m
  Plugin: [35mvite:oxc[39m
  File: [36mC:/Users/nakshtra/Desktop/kintox/src/components/ServicesSection.jsx[39m
      at transformWithOxc (file:///C:/Users/nakshtra/Desktop/kintox/node_modules/vite/dist/node/chunks/node.js:3344:19)
      at TransformPluginContext.transform (file:///C:/Users/nakshtra/Desktop/kintox/node_modules/vite/dist/node/chunks/node.js:3415:26)
      at EnvironmentPluginContainer.transform (file:///C:/Users/nakshtra/Desktop/kintox/node_modules/vite/dist/node/chunks/node.js:30387:51)
      at async loadAndTransform (file:///C:/Users/nakshtra/Desktop/kintox/node_modules/vite/dist/node/chunks/node.js:24646:26)
      at async viteTransformMiddleware (file:///C:/Users/nakshtra/Desktop/kintox/node_modules/vite/dist/node/chunks/node.js:24440:20)
[2m10:17:16 AM[22m [31m[1m[vite][22m[39m [31mInternal server error: Transform failed with 1 error:

[31m[PARSE_ERROR] [0mExpected a semicolon or an implicit semicolon after a statement, but found none
     [38;5;246m╭[0m[38;5;246m─[0m[38;5;246m[[0m src/components/ServicesSection.jsx:447:10 [38;5;246m][0m
     [38;5;246m│[0m
 [38;5;246m447 │[0m [38;5;249m [0m[38;5;249m [0m[38;5;249m [0m[38;5;249m [0m[38;5;249m [0m[38;5;249m [0m[38;5;249m [0m[38;5;249m [0m[38;5;249m)[0m[38;5;249m)[0m[38;5;249m}[0m
 [38;5;240m    │[0m          │ 
 [38;5;240m    │[0m          ╰─ 
 [38;5;240m    │[0m 
 [38;5;240m    │[0m [38;5;115mHelp[0m: Try inserting a semicolon here
[38;5;246m─────╯[0m
[39m
  Plugin: [35mvite:oxc[39m
  File: [36mC:/Users/nakshtra/Desktop/kintox/src/components/ServicesSection.jsx[39m
      at transformWithOxc (file:///C:/Users/nakshtra/Desktop/kintox/node_modules/vite/dist/node/chunks/node.js:3344:19)
      at TransformPluginContext.transform (file:///C:/Users/nakshtra/Desktop/kintox/node_modules/vite/dist/node/chunks/node.js:3415:26)
      at EnvironmentPluginContainer.transform (file:///C:/Users/nakshtra/Desktop/kintox/node_modules/vite/dist/node/chunks/node.js:30387:51)
      at async loadAndTransform (file:///C:/Users/nakshtra/Desktop/kintox/node_modules/vite/dist/node/chunks/node.js:24646:26)
      at async viteTransformMiddleware (file:///C:/Users/nakshtra/Desktop/kintox/node_modules/vite/dist/node/chunks/node.js:24440:20)
[2m10:17:16 AM[22m [31m[1m[vite][22m[39m [31m[2m(client)[22m[39m [2m[console.error] [22m[vite] Failed to reload /src/components/ServicesSection.jsx. This could be due to syntax errors or importing non-existent modules. (see errors above)
[2m10:17:16 AM[22m [31m[1m[vite][22m[39m [31m[2m(client)[22m[39m [2m[console.error] [22m[vite] Failed to reload /src/components/ServicesSection.jsx. This could be due to syntax errors or importing non-existent modules. (see errors above)
[2m10:17:25 AM[22m [36m[1m[vite][22m[39m [90m[2m(client)[22m[39m [32mhmr update [39m[2m/src/index.css, /src/components/ServicesSection.jsx[22m
[2m10:17:25 AM[22m [31m[1m[vite][22m[39m [31mInternal server error: Transform failed with 1 error:

[31m[PARSE_ERROR] [0mExpected a semicolon or an implicit semicolon after a statement, but found none
     [38;5;246m╭[0m[38;5;246m─[0m[38;5;246m[[0m src/components/ServicesSection.jsx:461:10 [38;5;246m][0m
     [38;5;246m│[0m
 [38;5;246m461 │[0m [38;5;249m [0m[38;5;249m [0m[38;5;249m [0m[38;5;249m [0m[38;5;249m [0m[38;5;249m [0m[38;5;249m [0m[38;5;249m [0m[38;5;249m)[0m[38;5;249m)[0m[38;5;249m}[0m
 [38;5;240m    │[0m          │ 
 [38;5;240m    │[0m          ╰─ 
 [38;5;240m    │[0m 
 [38;5;240m    │[0m [38;5;115mHelp[0m: Try inserting a semicolon here
[38;5;246m─────╯[0m
[39m
  Plugin: [35mvite:oxc[39m
  File: [36mC:/Users/nakshtra/Desktop/kintox/src/components/ServicesSection.jsx[39m
      at transformWithOxc (file:///C:/Users/nakshtra/Desktop/kintox/node_modules/vite/dist/node/chunks/node.js:3344:19)
      at TransformPluginContext.transform (file:///C:/Users/nakshtra/Desktop/kintox/node_modules/vite/dist/node/chunks/node.js:3415:26)
      at EnvironmentPluginContainer.transform (file:///C:/Users/nakshtra/Desktop/kintox/node_modules/vite/dist/node/chunks/node.js:30387:51)
      at async loadAndTransform (file:///C:/Users/nakshtra/Desktop/kintox/node_modules/vite/dist/node/chunks/node.js:24646:26)
      at async viteTransformMiddleware (file:///C:/Users/nakshtra/Desktop/kintox/node_modules/vite/dist/node/chunks/node.js:24440:20)
[2m10:17:25 AM[22m [31m[1m[vite][22m[39m [31m[2m(client)[22m[39m [2m[console.error] [22m[vite] Failed to reload /src/components/ServicesSection.jsx. This could be due to syntax errors or importing non-existent modules. (see errors above)
[2m10:17:25 AM[22m [31m[1m[vite][22m[39m [31mInternal server error: Transform failed with 1 error:

[31m[PARSE_ERROR] [0mExpected a semicolon or an implicit semicolon after a statement, but found none
     [38;5;246m╭[0m[38;5;246m─[0m[38;5;246m[[0m src/components/ServicesSection.jsx:461:10 [38;5;246m][0m
     [38;5;246m│[0m
 [38;5;246m461 │[0m [38;5;249m [0m[38;5;249m [0m[38;5;249m [0m[38;5;249m [0m[38;5;249m [0m[38;5;249m [0m[38;5;249m [0m[38;5;249m [0m[38;5;249m)[0m[38;5;249m)[0m[38;5;249m}[0m
 [38;5;240m    │[0m          │ 
 [38;5;240m    │[0m          ╰─ 
 [38;5;240m    │[0m 
 [38;5;240m    │[0m [38;5;115mHelp[0m: Try inserting a semicolon here
[38;5;246m─────╯[0m
[39m
  Plugin: [35mvite:oxc[39m
  File: [36mC:/Users/nakshtra/Desktop/kintox/src/components/ServicesSection.jsx[39m
      at transformWithOxc (file:///C:/Users/nakshtra/Desktop/kintox/node_modules/vite/dist/node/chunks/node.js:3344:19)
      at TransformPluginContext.transform (file:///C:/Users/nakshtra/Desktop/kintox/node_modules/vite/dist/node/chunks/node.js:3415:26)
      at EnvironmentPluginContainer.transform (file:///C:/Users/nakshtra/Desktop/kintox/node_modules/vite/dist/node/chunks/node.js:30387:51)
      at async loadAndTransform (file:///C:/Users/nakshtra/Desktop/kintox/node_modules/vite/dist/node/chunks/node.js:24646:26)
      at async viteTransformMiddleware (file:///C:/Users/nakshtra/Desktop/kintox/node_modules/vite/dist/node/chunks/node.js:24440:20)
[2m10:17:25 AM[22m [31m[1m[vite][22m[39m [31mInternal server error: Transform failed with 1 error:

[31m[PARSE_ERROR] [0mExpected a semicolon or an implicit semicolon after a statement, but found none
     [38;5;246m╭[0m[38;5;246m─[0m[38;5;246m[[0m src/components/ServicesSection.jsx:461:10 [38;5;246m][0m
     [38;5;246m│[0m
 [38;5;246m461 │[0m [38;5;249m [0m[38;5;249m [0m[38;5;249m [0m[38;5;249m [0m[38;5;249m [0m[38;5;249m [0m[38;5;249m [0m[38;5;249m [0m[38;5;249m)[0m[38;5;249m)[0m[38;5;249m}[0m
 [38;5;240m    │[0m          │ 
 [38;5;240m    │[0m          ╰─ 
 [38;5;240m    │[0m 
 [38;5;240m    │[0m [38;5;115mHelp[0m: Try inserting a semicolon here
[38;5;246m─────╯[0m
[39m
  Plugin: [35mvite:oxc[39m
  File: [36mC:/Users/nakshtra/Desktop/kintox/src/components/ServicesSection.jsx[39m
      at transformWithOxc (file:///C:/Users/nakshtra/Desktop/kintox/node_modules/vite/dist/node/chunks/node.js:3344:19)
      at TransformPluginContext.transform (file:///C:/Users/nakshtra/Desktop/kintox/node_modules/vite/dist/node/chunks/node.js:3415:26)
      at EnvironmentPluginContainer.transform (file:///C:/Users/nakshtra/Desktop/kintox/node_modules/vite/dist/node/chunks/node.js:30387:51)
      at async loadAndTransform (file:///C:/Users/nakshtra/Desktop/kintox/node_modules/vite/dist/node/chunks/node.js:24646:26)
      at async viteTransformMiddleware (file:///C:/Users/nakshtra/Desktop/kintox/node_modules/vite/dist/node/chunks/node.js:24440:20)
[2m10:17:25 AM[22m [31m[1m[vite][22m[39m [31m[2m(client)[22m[39m [2m[console.error] [22m[vite] Failed to reload /src/components/ServicesSection.jsx. This could be due to syntax errors or importing non-existent modules. (see errors above)
[2m10:17:25 AM[22m [31m[1m[vite][22m[39m [31m[2m(client)[22m[39m [2m[console.error] [22m[vite] Failed to reload /src/components/ServicesSection.jsx. This could be due to syntax errors or importing non-existent modules. (see errors above)
[2m10:17:32 AM[22m [36m[1m[vite][22m[39m [90m[2m(client)[22m[39m [32mhmr update [39m[2m/src/index.css, /src/components/ServicesSection.jsx[22m
[2m10:17:32 AM[22m [31m[1m[vite][22m[39m [31mInternal server error: Transform failed with 1 error:

[31m[PARSE_ERROR] [0mExpected a semicolon or an implicit semicolon after a statement, but found none
     [38;5;246m╭[0m[38;5;246m─[0m[38;5;246m[[0m src/components/ServicesSection.jsx:453:10 [38;5;246m][0m
     [38;5;246m│[0m
 [38;5;246m453 │[0m [38;5;249m [0m[38;5;249m [0m[38;5;249m [0m[38;5;249m [0m[38;5;249m [0m[38;5;249m [0m[38;5;249m [0m[38;5;249m [0m[38;5;249m)[0m[38;5;249m)[0m[38;5;249m}[0m
 [38;5;240m    │[0m          │ 
 [38;5;240m    │[0m          ╰─ 
 [38;5;240m    │[0m 
 [38;5;240m    │[0m [38;5;115mHelp[0m: Try inserting a semicolon here
[38;5;246m─────╯[0m
[39m
  Plugin: [35mvite:oxc[39m
  File: [36mC:/Users/nakshtra/Desktop/kintox/src/components/ServicesSection.jsx[39m
      at transformWithOxc (file:///C:/Users/nakshtra/Desktop/kintox/node_modules/vite/dist/node/chunks/node.js:3344:19)
      at TransformPluginContext.transform (file:///C:/Users/nakshtra/Desktop/kintox/node_modules/vite/dist/node/chunks/node.js:3415:26)
      at EnvironmentPluginContainer.transform (file:///C:/Users/nakshtra/Desktop/kintox/node_modules/vite/dist/node/chunks/node.js:30387:51)
      at async loadAndTransform (file:///C:/Users/nakshtra/Desktop/kintox/node_modules/vite/dist/node/chunks/node.js:24646:26)
      at async viteTransformMiddleware (file:///C:/Users/nakshtra/Desktop/kintox/node_modules/vite/dist/node/chunks/node.js:24440:20)
[2m10:17:32 AM[22m [31m[1m[vite][22m[39m [31m[2m(client)[22m[39m [2m[console.error] [22m[vite] Failed to reload /src/components/ServicesSection.jsx. This could be due to syntax errors or importing non-existent modules. (see errors above)
[2m10:17:32 AM[22m [31m[1m[vite][22m[39m [31mInternal server error: Transform failed with 1 error:

[31m[PARSE_ERROR] [0mExpected a semicolon or an implicit semicolon after a statement, but found none
     [38;5;246m╭[0m[38;5;246m─[0m[38;5;246m[[0m src/components/ServicesSection.jsx:453:10 [38;5;246m][0m
     [38;5;246m│[0m
 [38;5;246m453 │[0m [38;5;249m [0m[38;5;249m [0m[38;5;249m [0m[38;5;249m [0m[38;5;249m [0m[38;5;249m [0m[38;5;249m [0m[38;5;249m [0m[38;5;249m)[0m[38;5;249m)[0m[38;5;249m}[0m
 [38;5;240m    │[0m          │ 
 [38;5;240m    │[0m          ╰─ 
 [38;5;240m    │[0m 
 [38;5;240m    │[0m [38;5;115mHelp[0m: Try inserting a semicolon here
[38;5;246m─────╯[0m
[39m
  Plugin: [35mvite:oxc[39m
  File: [36mC:/Users/nakshtra/Desktop/kintox/src/components/ServicesSection.jsx[39m
      at transformWithOxc (file:///C:/Users/nakshtra/Desktop/kintox/node_modules/vite/dist/node/chunks/node.js:3344:19)
      at TransformPluginContext.transform (file:///C:/Users/nakshtra/Desktop/kintox/node_modules/vite/dist/node/chunks/node.js:3415:26)
      at EnvironmentPluginContainer.transform (file:///C:/Users/nakshtra/Desktop/kintox/node_modules/vite/dist/node/chunks/node.js:30387:51)
      at async loadAndTransform (file:///C:/Users/nakshtra/Desktop/kintox/node_modules/vite/dist/node/chunks/node.js:24646:26)
      at async viteTransformMiddleware (file:///C:/Users/nakshtra/Desktop/kintox/node_modules/vite/dist/node/chunks/node.js:24440:20)
[2m10:17:32 AM[22m [31m[1m[vite][22m[39m [31m[2m(client)[22m[39m [2m[console.error] [22m[vite] Failed to reload /src/components/ServicesSection.jsx. This could be due to syntax errors or importing non-existent modules. (see errors above)
[2m10:17:32 AM[22m [31m[1m[vite][22m[39m [31mInternal server error: Transform failed with 1 error:

[31m[PARSE_ERROR] [0mExpected a semicolon or an implicit semicolon after a statement, but found none
     [38;5;246m╭[0m[38;5;246m─[0m[38;5;246m[[0m src/components/ServicesSection.jsx:453:10 [38;5;246m][0m
     [38;5;246m│[0m
 [38;5;246m453 │[0m [38;5;249m [0m[38;5;249m [0m[38;5;249m [0m[38;5;249m [0m[38;5;249m [0m[38;5;249m [0m[38;5;249m [0m[38;5;249m [0m[38;5;249m)[0m[38;5;249m)[0m[38;5;249m}[0m
 [38;5;240m    │[0m          │ 
 [38;5;240m    │[0m          ╰─ 
 [38;5;240m    │[0m 
 [38;5;240m    │[0m [38;5;115mHelp[0m: Try inserting a semicolon here
[38;5;246m─────╯[0m
[39m
  Plugin: [35mvite:oxc[39m
  File: [36mC:/Users/nakshtra/Desktop/kintox/src/components/ServicesSection.jsx[39m
      at transformWithOxc (file:///C:/Users/nakshtra/Desktop/kintox/node_modules/vite/dist/node/chunks/node.js:3344:19)
      at TransformPluginContext.transform (file:///C:/Users/nakshtra/Desktop/kintox/node_modules/vite/dist/node/chunks/node.js:3415:26)
      at EnvironmentPluginContainer.transform (file:///C:/Users/nakshtra/Desktop/kintox/node_modules/vite/dist/node/chunks/node.js:30387:51)
      at async loadAndTransform (file:///C:/Users/nakshtra/Desktop/kintox/node_modules/vite/dist/node/chunks/node.js:24646:26)
      at async viteTransformMiddleware (file:///C:/Users/nakshtra/Desktop/kintox/node_modules/vite/dist/node/chunks/node.js:24440:20)
[2m10:17:32 AM[22m [31m[1m[vite][22m[39m [31m[2m(client)[22m[39m [2m[console.error] [22m[vite] Failed to reload /src/components/ServicesSection.jsx. This could be due to syntax errors or importing non-existent modules. (see errors above)
[2m10:17:48 AM[22m [36m[1m[vite][22m[39m [90m[2m(client)[22m[39m [32mhmr update [39m[2m/src/index.css, /src/components/ServicesSection.jsx[22m
[2m10:17:48 AM[22m [31m[1m[vite][22m[39m [31mInternal server error: Transform failed with 1 error:

[31m[PARSE_ERROR] [0mExpected a semicolon or an implicit semicolon after a statement, but found none
     [38;5;246m╭[0m[38;5;246m─[0m[38;5;246m[[0m src/components/ServicesSection.jsx:453:10 [38;5;246m][0m
     [38;5;246m│[0m
 [38;5;246m453 │[0m [38;5;249m [0m[38;5;249m [0m[38;5;249m [0m[38;5;249m [0m[38;5;249m [0m[38;5;249m [0m[38;5;249m [0m[38;5;249m [0m[38;5;249m)[0m[38;5;249m)[0m[38;5;249m}[0m
 [38;5;240m    │[0m          │ 
 [38;5;240m    │[0m          ╰─ 
 [38;5;240m    │[0m 
 [38;5;240m    │[0m [38;5;115mHelp[0m: Try inserting a semicolon here
[38;5;246m─────╯[0m
[39m
  Plugin: [35mvite:oxc[39m
  File: [36mC:/Users/nakshtra/Desktop/kintox/src/components/ServicesSection.jsx[39m
      at transformWithOxc (file:///C:/Users/nakshtra/Desktop/kintox/node_modules/vite/dist/node/chunks/node.js:3344:19)
      at TransformPluginContext.transform (file:///C:/Users/nakshtra/Desktop/kintox/node_modules/vite/dist/node/chunks/node.js:3415:26)
      at EnvironmentPluginContainer.transform (file:///C:/Users/nakshtra/Desktop/kintox/node_modules/vite/dist/node/chunks/node.js:30387:51)
      at async loadAndTransform (file:///C:/Users/nakshtra/Desktop/kintox/node_modules/vite/dist/node/chunks/node.js:24646:26)
      at async viteTransformMiddleware (file:///C:/Users/nakshtra/Desktop/kintox/node_modules/vite/dist/node/chunks/node.js:24440:20)
[2m10:17:48 AM[22m [31m[1m[vite][22m[39m [31m[2m(client)[22m[39m [2m[console.error] [22m[vite] Failed to reload /src/components/ServicesSection.jsx. This could be due to syntax errors or importing non-existent modules. (see errors above)
[2m10:17:48 AM[22m [31m[1m[vite][22m[39m [31mInternal server error: Transform failed with 1 error:

[31m[PARSE_ERROR] [0mExpected a semicolon or an implicit semicolon after a statement, but found none
     [38;5;246m╭[0m[38;5;246m─[0m[38;5;246m[[0m src/components/ServicesSection.jsx:453:10 [38;5;246m][0m
     [38;5;246m│[0m
 [38;5;246m453 │[0m [38;5;249m [0m[38;5;249m [0m[38;5;249m [0m[38;5;249m [0m[38;5;249m [0m[38;5;249m [0m[38;5;249m [0m[38;5;249m [0m[38;5;249m)[0m[38;5;249m)[0m[38;5;249m}[0m
 [38;5;240m    │[0m          │ 
 [38;5;240m    │[0m          ╰─ 
 [38;5;240m    │[0m 
 [38;5;240m    │[0m [38;5;115mHelp[0m: Try inserting a semicolon here
[38;5;246m─────╯[0m
[39m
  Plugin: [35mvite:oxc[39m
  File: [36mC:/Users/nakshtra/Desktop/kintox/src/components/ServicesSection.jsx[39m
      at transformWithOxc (file:///C:/Users/nakshtra/Desktop/kintox/node_modules/vite/dist/node/chunks/node.js:3344:19)
      at TransformPluginContext.transform (file:///C:/Users/nakshtra/Desktop/kintox/node_modules/vite/dist/node/chunks/node.js:3415:26)
      at EnvironmentPluginContainer.transform (file:///C:/Users/nakshtra/Desktop/kintox/node_modules/vite/dist/node/chunks/node.js:30387:51)
      at async loadAndTransform (file:///C:/Users/nakshtra/Desktop/kintox/node_modules/vite/dist/node/chunks/node.js:24646:26)
      at async viteTransformMiddleware (file:///C:/Users/nakshtra/Desktop/kintox/node_modules/vite/dist/node/chunks/node.js:24440:20)
[2m10:17:48 AM[22m [31m[1m[vite][22m[39m [31m[2m(client)[22m[39m [2m[console.error] [22m[vite] Failed to reload /src/components/ServicesSection.jsx. This could be due to syntax errors or importing non-existent modules. (see errors above)
[2m10:17:48 AM[22m [31m[1m[vite][22m[39m [31mInternal server error: Transform failed with 1 error:

[31m[PARSE_ERROR] [0mExpected a semicolon or an implicit semicolon after a statement, but found none
     [38;5;246m╭[0m[38;5;246m─[0m[38;5;246m[[0m src/components/ServicesSection.jsx:453:10 [38;5;246m][0m
     [38;5;246m│[0m
 [38;5;246m453 │[0m [38;5;249m [0m[38;5;249m [0m[38;5;249m [0m[38;5;249m [0m[38;5;249m [0m[38;5;249m [0m[38;5;249m [0m[38;5;249m [0m[38;5;249m)[0m[38;5;249m)[0m[38;5;249m}[0m
 [38;5;240m    │[0m          │ 
 [38;5;240m    │[0m          ╰─ 
 [38;5;240m    │[0m 
 [38;5;240m    │[0m [38;5;115mHelp[0m: Try inserting a semicolon here
[38;5;246m─────╯[0m
[39m
  Plugin: [35mvite:oxc[39m
  File: [36mC:/Users/nakshtra/Desktop/kintox/src/components/ServicesSection.jsx[39m
      at transformWithOxc (file:///C:/Users/nakshtra/Desktop/kintox/node_modules/vite/dist/node/chunks/node.js:3344:19)
      at TransformPluginContext.transform (file:///C:/Users/nakshtra/Desktop/kintox/node_modules/vite/dist/node/chunks/node.js:3415:26)
      at EnvironmentPluginContainer.transform (file:///C:/Users/nakshtra/Desktop/kintox/node_modules/vite/dist/node/chunks/node.js:30387:51)
      at async loadAndTransform (file:///C:/Users/nakshtra/Desktop/kintox/node_modules/vite/dist/node/chunks/node.js:24646:26)
      at async viteTransformMiddleware (file:///C:/Users/nakshtra/Desktop/kintox/node_modules/vite/dist/node/chunks/node.js:24440:20)
[2m10:17:48 AM[22m [31m[1m[vite][22m[39m [31m[2m(client)[22m[39m [2m[console.error] [22m[vite] Failed to reload /src/components/ServicesSection.jsx. This could be due to syntax errors or importing non-existent modules. (see errors above)
[2m10:17:49 AM[22m [36m[1m[vite][22m[39m [90m[2m(client)[22m[39m [32mhmr update [39m[2m/src/index.css, /src/components/ServicesSection.jsx[22m
[2m10:17:49 AM[22m [31m[1m[vite][22m[39m [31mInternal server error: Transform failed with 1 error:

[31m[PARSE_ERROR] [0mExpected a semicolon or an implicit semicolon after a statement, but found none
     [38;5;246m╭[0m[38;5;246m─[0m[38;5;246m[[0m src/components/ServicesSection.jsx:453:10 [38;5;246m][0m
     [38;5;246m│[0m
 [38;5;246m453 │[0m [38;5;249m [0m[38;5;249m [0m[38;5;249m [0m[38;5;249m [0m[38;5;249m [0m[38;5;249m [0m[38;5;249m [0m[38;5;249m [0m[38;5;249m)[0m[38;5;249m)[0m[38;5;249m}[0m
 [38;5;240m    │[0m          │ 
 [38;5;240m    │[0m          ╰─ 
 [38;5;240m    │[0m 
 [38;5;240m    │[0m [38;5;115mHelp[0m: Try inserting a semicolon here
[38;5;246m─────╯[0m
[39m
  Plugin: [35mvite:oxc[39m
  File: [36mC:/Users/nakshtra/Desktop/kintox/src/components/ServicesSection.jsx[39m
      at transformWithOxc (file:///C:/Users/nakshtra/Desktop/kintox/node_modules/vite/dist/node/chunks/node.js:3344:19)
      at TransformPluginContext.transform (file:///C:/Users/nakshtra/Desktop/kintox/node_modules/vite/dist/node/chunks/node.js:3415:26)
      at EnvironmentPluginContainer.transform (file:///C:/Users/nakshtra/Desktop/kintox/node_modules/vite/dist/node/chunks/node.js:30387:51)
      at async loadAndTransform (file:///C:/Users/nakshtra/Desktop/kintox/node_modules/vite/dist/node/chunks/node.js:24646:26)
      at async viteTransformMiddleware (file:///C:/Users/nakshtra/Desktop/kintox/node_modules/vite/dist/node/chunks/node.js:24440:20)
[2m10:17:49 AM[22m [31m[1m[vite][22m[39m [31m[2m(client)[22m[39m [2m[console.error] [22m[vite] Failed to reload /src/components/ServicesSection.jsx. This could be due to syntax errors or importing non-existent modules. (see errors above)
[2m10:17:49 AM[22m [31m[1m[vite][22m[39m [31mInternal server error: Transform failed with 1 error:

[31m[PARSE_ERROR] [0mExpected a semicolon or an implicit semicolon after a statement, but found none
     [38;5;246m╭[0m[38;5;246m─[0m[38;5;246m[[0m src/components/ServicesSection.jsx:453:10 [38;5;246m][0m
     [38;5;246m│[0m
 [38;5;246m453 │[0m [38;5;249m [0m[38;5;249m [0m[38;5;249m [0m[38;5;249m [0m[38;5;249m [0m[38;5;249m [0m[38;5;249m [0m[38;5;249m [0m[38;5;249m)[0m[38;5;249m)[0m[38;5;249m}[0m
 [38;5;240m    │[0m          │ 
 [38;5;240m    │[0m          ╰─ 
 [38;5;240m    │[0m 
 [38;5;240m    │[0m [38;5;115mHelp[0m: Try inserting a semicolon here
[38;5;246m─────╯[0m
[39m
  Plugin: [35mvite:oxc[39m
  File: [36mC:/Users/nakshtra/Desktop/kintox/src/components/ServicesSection.jsx[39m
      at transformWithOxc (file:///C:/Users/nakshtra/Desktop/kintox/node_modules/vite/dist/node/chunks/node.js:3344:19)
      at TransformPluginContext.transform (file:///C:/Users/nakshtra/Desktop/kintox/node_modules/vite/dist/node/chunks/node.js:3415:26)
      at EnvironmentPluginContainer.transform (file:///C:/Users/nakshtra/Desktop/kintox/node_modules/vite/dist/node/chunks/node.js:30387:51)
      at async loadAndTransform (file:///C:/Users/nakshtra/Desktop/kintox/node_modules/vite/dist/node/chunks/node.js:24646:26)
      at async viteTransformMiddleware (file:///C:/Users/nakshtra/Desktop/kintox/node_modules/vite/dist/node/chunks/node.js:24440:20)
[2m10:17:49 AM[22m [31m[1m[vite][22m[39m [31mInternal server error: Transform failed with 1 error:

[31m[PARSE_ERROR] [0mExpected a semicolon or an implicit semicolon after a statement, but found none
     [38;5;246m╭[0m[38;5;246m─[0m[38;5;246m[[0m src/components/ServicesSection.jsx:453:10 [38;5;246m][0m
     [38;5;246m│[0m
 [38;5;246m453 │[0m [38;5;249m [0m[38;5;249m [0m[38;5;249m [0m[38;5;249m [0m[38;5;249m [0m[38;5;249m [0m[38;5;249m [0m[38;5;249m [0m[38;5;249m)[0m[38;5;249m)[0m[38;5;249m}[0m
 [38;5;240m    │[0m          │ 
 [38;5;240m    │[0m          ╰─ 
 [38;5;240m    │[0m 
 [38;5;240m    │[0m [38;5;115mHelp[0m: Try inserting a semicolon here
[38;5;246m─────╯[0m
[39m
  Plugin: [35mvite:oxc[39m
  File: [36mC:/Users/nakshtra/Desktop/kintox/src/components/ServicesSection.jsx[39m
      at transformWithOxc (file:///C:/Users/nakshtra/Desktop/kintox/node_modules/vite/dist/node/chunks/node.js:3344:19)
      at TransformPluginContext.transform (file:///C:/Users/nakshtra/Desktop/kintox/node_modules/vite/dist/node/chunks/node.js:3415:26)
      at EnvironmentPluginContainer.transform (file:///C:/Users/nakshtra/Desktop/kintox/node_modules/vite/dist/node/chunks/node.js:30387:51)
      at async loadAndTransform (file:///C:/Users/nakshtra/Desktop/kintox/node_modules/vite/dist/node/chunks/node.js:24646:26)
      at async viteTransformMiddleware (file:///C:/Users/nakshtra/Desktop/kintox/node_modules/vite/dist/node/chunks/node.js:24440:20)
[2m10:17:49 AM[22m [31m[1m[vite][22m[39m [31m[2m(client)[22m[39m [2m[console.error] [22m[vite] Failed to reload /src/components/ServicesSection.jsx. This could be due to syntax errors or importing non-existent modules. (see errors above)
[2m10:17:49 AM[22m [31m[1m[vite][22m[39m [31m[2m(client)[22m[39m [2m[console.error] [22m[vite] Failed to reload /src/components/ServicesSection.jsx. This could be due to syntax errors or importing non-existent modules. (see errors above)
[2m10:17:50 AM[22m [36m[1m[vite][22m[39m [90m[2m(client)[22m[39m [32mhmr update [39m[2m/src/index.css, /src/components/ServicesSection.jsx[22m
[2m10:17:50 AM[22m [31m[1m[vite][22m[39m [31mInternal server error: Transform failed with 1 error:

[31m[PARSE_ERROR] [0mExpected a semicolon or an implicit semicolon after a statement, but found none
     [38;5;246m╭[0m[38;5;246m─[0m[38;5;246m[[0m src/components/ServicesSection.jsx:453:10 [38;5;246m][0m
     [38;5;246m│[0m
 [38;5;246m453 │[0m [38;5;249m [0m[38;5;249m [0m[38;5;249m [0m[38;5;249m [0m[38;5;249m [0m[38;5;249m [0m[38;5;249m [0m[38;5;249m [0m[38;5;249m)[0m[38;5;249m)[0m[38;5;249m}[0m
 [38;5;240m    │[0m          │ 
 [38;5;240m    │[0m          ╰─ 
 [38;5;240m    │[0m 
 [38;5;240m    │[0m [38;5;115mHelp[0m: Try inserting a semicolon here
[38;5;246m─────╯[0m
[39m
  Plugin: [35mvite:oxc[39m
  File: [36mC:/Users/nakshtra/Desktop/kintox/src/components/ServicesSection.jsx[39m
      at transformWithOxc (file:///C:/Users/nakshtra/Desktop/kintox/node_modules/vite/dist/node/chunks/node.js:3344:19)
      at TransformPluginContext.transform (file:///C:/Users/nakshtra/Desktop/kintox/node_modules/vite/dist/node/chunks/node.js:3415:26)
      at EnvironmentPluginContainer.transform (file:///C:/Users/nakshtra/Desktop/kintox/node_modules/vite/dist/node/chunks/node.js:30387:51)
      at async loadAndTransform (file:///C:/Users/nakshtra/Desktop/kintox/node_modules/vite/dist/node/chunks/node.js:24646:26)
      at async viteTransformMiddleware (file:///C:/Users/nakshtra/Desktop/kintox/node_modules/vite/dist/node/chunks/node.js:24440:20)
[2m10:17:50 AM[22m [31m[1m[vite][22m[39m [31m[2m(client)[22m[39m [2m[console.error] [22m[vite] Failed to reload /src/components/ServicesSection.jsx. This could be due to syntax errors or importing non-existent modules. (see errors above)
[2m10:17:50 AM[22m [31m[1m[vite][22m[39m [31mInternal server error: Transform failed with 1 error:

[31m[PARSE_ERROR] [0mExpected a semicolon or an implicit semicolon after a statement, but found none
     [38;5;246m╭[0m[38;5;246m─[0m[38;5;246m[[0m src/components/ServicesSection.jsx:453:10 [38;5;246m][0m
     [38;5;246m│[0m
 [38;5;246m453 │[0m [38;5;249m [0m[38;5;249m [0m[38;5;249m [0m[38;5;249m [0m[38;5;249m [0m[38;5;249m [0m[38;5;249m [0m[38;5;249m [0m[38;5;249m)[0m[38;5;249m)[0m[38;5;249m}[0m
 [38;5;240m    │[0m          │ 
 [38;5;240m    │[0m          ╰─ 
 [38;5;240m    │[0m 
 [38;5;240m    │[0m [38;5;115mHelp[0m: Try inserting a semicolon here
[38;5;246m─────╯[0m
[39m
  Plugin: [35mvite:oxc[39m
  File: [36mC:/Users/nakshtra/Desktop/kintox/src/components/ServicesSection.jsx[39m
      at transformWithOxc (file:///C:/Users/nakshtra/Desktop/kintox/node_modules/vite/dist/node/chunks/node.js:3344:19)
      at TransformPluginContext.transform (file:///C:/Users/nakshtra/Desktop/kintox/node_modules/vite/dist/node/chunks/node.js:3415:26)
      at EnvironmentPluginContainer.transform (file:///C:/Users/nakshtra/Desktop/kintox/node_modules/vite/dist/node/chunks/node.js:30387:51)
      at async loadAndTransform (file:///C:/Users/nakshtra/Desktop/kintox/node_modules/vite/dist/node/chunks/node.js:24646:26)
      at async viteTransformMiddleware (file:///C:/Users/nakshtra/Desktop/kintox/node_modules/vite/dist/node/chunks/node.js:24440:20)
[2m10:17:50 AM[22m [31m[1m[vite][22m[39m [31mInternal server error: Transform failed with 1 error:

[31m[PARSE_ERROR] [0mExpected a semicolon or an implicit semicolon after a statement, but found none
     [38;5;246m╭[0m[38;5;246m─[0m[38;5;246m[[0m src/components/ServicesSection.jsx:453:10 [38;5;246m][0m
     [38;5;246m│[0m
 [38;5;246m453 │[0m [38;5;249m [0m[38;5;249m [0m[38;5;249m [0m[38;5;249m [0m[38;5;249m [0m[38;5;249m [0m[38;5;249m [0m[38;5;249m [0m[38;5;249m)[0m[38;5;249m)[0m[38;5;249m}[0m
 [38;5;240m    │[0m          │ 
 [38;5;240m    │[0m          ╰─ 
 [38;5;240m    │[0m 
 [38;5;240m    │[0m [38;5;115mHelp[0m: Try inserting a semicolon here
[38;5;246m─────╯[0m
[39m
  Plugin: [35mvite:oxc[39m
  File: [36mC:/Users/nakshtra/Desktop/kintox/src/components/ServicesSection.jsx[39m
      at transformWithOxc (file:///C:/Users/nakshtra/Desktop/kintox/node_modules/vite/dist/node/chunks/node.js:3344:19)
      at TransformPluginContext.transform (file:///C:/Users/nakshtra/Desktop/kintox/node_modules/vite/dist/node/chunks/node.js:3415:26)
      at EnvironmentPluginContainer.transform (file:///C:/Users/nakshtra/Desktop/kintox/node_modules/vite/dist/node/chunks/node.js:30387:51)
      at async loadAndTransform (file:///C:/Users/nakshtra/Desktop/kintox/node_modules/vite/dist/node/chunks/node.js:24646:26)
      at async viteTransformMiddleware (file:///C:/Users/nakshtra/Desktop/kintox/node_modules/vite/dist/node/chunks/node.js:24440:20)
[2m10:17:50 AM[22m [31m[1m[vite][22m[39m [31m[2m(client)[22m[39m [2m[console.error] [22m[vite] Failed to reload /src/components/ServicesSection.jsx. This could be due to syntax errors or importing non-existent modules. (see errors above)
[2m10:17:50 AM[22m [31m[1m[vite][22m[39m [31m[2m(client)[22m[39m [2m[console.error] [22m[vite] Failed to reload /src/components/ServicesSection.jsx. This could be due to syntax errors or importing non-existent modules. (see errors above)
[2m10:17:58 AM[22m [36m[1m[vite][22m[39m [90m[2m(client)[22m[39m [32mhmr update [39m[2m/src/index.css, /src/components/ServicesSection.jsx[22m
[2m10:17:58 AM[22m [31m[1m[vite][22m[39m [31mInternal server error: Transform failed with 1 error:

[31m[PARSE_ERROR] [0mExpected a semicolon or an implicit semicolon after a statement, but found none
     [38;5;246m╭[0m[38;5;246m─[0m[38;5;246m[[0m src/components/ServicesSection.jsx:456:10 [38;5;246m][0m
     [38;5;246m│[0m
 [38;5;246m456 │[0m [38;5;249m [0m[38;5;249m [0m[38;5;249m [0m[38;5;249m [0m[38;5;249m [0m[38;5;249m [0m[38;5;249m [0m[38;5;249m [0m[38;5;249m)[0m[38;5;249m)[0m[38;5;249m}[0m
 [38;5;240m    │[0m          │ 
 [38;5;240m    │[0m          ╰─ 
 [38;5;240m    │[0m 
 [38;5;240m    │[0m [38;5;115mHelp[0m: Try inserting a semicolon here
[38;5;246m─────╯[0m
[39m
  Plugin: [35mvite:oxc[39m
  File: [36mC:/Users/nakshtra/Desktop/kintox/src/components/ServicesSection.jsx[39m
      at transformWithOxc (file:///C:/Users/nakshtra/Desktop/kintox/node_modules/vite/dist/node/chunks/node.js:3344:19)
      at TransformPluginContext.transform (file:///C:/Users/nakshtra/Desktop/kintox/node_modules/vite/dist/node/chunks/node.js:3415:26)
      at EnvironmentPluginContainer.transform (file:///C:/Users/nakshtra/Desktop/kintox/node_modules/vite/dist/node/chunks/node.js:30387:51)
      at async loadAndTransform (file:///C:/Users/nakshtra/Desktop/kintox/node_modules/vite/dist/node/chunks/node.js:24646:26)
      at async viteTransformMiddleware (file:///C:/Users/nakshtra/Desktop/kintox/node_modules/vite/dist/node/chunks/node.js:24440:20)
[2m10:17:58 AM[22m [31m[1m[vite][22m[39m [31mInternal server error: Transform failed with 1 error:

[31m[PARSE_ERROR] [0mExpected a semicolon or an implicit semicolon after a statement, but found none
     [38;5;246m╭[0m[38;5;246m─[0m[38;5;246m[[0m src/components/ServicesSection.jsx:456:10 [38;5;246m][0m
     [38;5;246m│[0m
 [38;5;246m456 │[0m [38;5;249m [0m[38;5;249m [0m[38;5;249m [0m[38;5;249m [0m[38;5;249m [0m[38;5;249m [0m[38;5;249m [0m[38;5;249m [0m[38;5;249m)[0m[38;5;249m)[0m[38;5;249m}[0m
 [38;5;240m    │[0m          │ 
 [38;5;240m    │[0m          ╰─ 
 [38;5;240m    │[0m 
 [38;5;240m    │[0m [38;5;115mHelp[0m: Try inserting a semicolon here
[38;5;246m─────╯[0m
[39m
  Plugin: [35mvite:oxc[39m
  File: [36mC:/Users/nakshtra/Desktop/kintox/src/components/ServicesSection.jsx[39m
      at transformWithOxc (file:///C:/Users/nakshtra/Desktop/kintox/node_modules/vite/dist/node/chunks/node.js:3344:19)
      at TransformPluginContext.transform (file:///C:/Users/nakshtra/Desktop/kintox/node_modules/vite/dist/node/chunks/node.js:3415:26)
      at EnvironmentPluginContainer.transform (file:///C:/Users/nakshtra/Desktop/kintox/node_modules/vite/dist/node/chunks/node.js:30387:51)
      at async loadAndTransform (file:///C:/Users/nakshtra/Desktop/kintox/node_modules/vite/dist/node/chunks/node.js:24646:26)
      at async viteTransformMiddleware (file:///C:/Users/nakshtra/Desktop/kintox/node_modules/vite/dist/node/chunks/node.js:24440:20)
[2m10:17:58 AM[22m [31m[1m[vite][22m[39m [31m[2m(client)[22m[39m [2m[console.error] [22m[vite] Failed to reload /src/components/ServicesSection.jsx. This could be due to syntax errors or importing non-existent modules. (see errors above)
[2m10:17:58 AM[22m [31m[1m[vite][22m[39m [31m[2m(client)[22m[39m [2m[console.error] [22m[vite] Failed to reload /src/components/ServicesSection.jsx. This could be due to syntax errors or importing non-existent modules. (see errors above)
[2m10:17:58 AM[22m [31m[1m[vite][22m[39m [31mInternal server error: Transform failed with 1 error:

[31m[PARSE_ERROR] [0mExpected a semicolon or an implicit semicolon after a statement, but found none
     [38;5;246m╭[0m[38;5;246m─[0m[38;5;246m[[0m src/components/ServicesSection.jsx:456:10 [38;5;246m][0m
     [38;5;246m│[0m
 [38;5;246m456 │[0m [38;5;249m [0m[38;5;249m [0m[38;5;249m [0m[38;5;249m [0m[38;5;249m [0m[38;5;249m [0m[38;5;249m [0m[38;5;249m [0m[38;5;249m)[0m[38;5;249m)[0m[38;5;249m}[0m
 [38;5;240m    │[0m          │ 
 [38;5;240m    │[0m          ╰─ 
 [38;5;240m    │[0m 
 [38;5;240m    │[0m [38;5;115mHelp[0m: Try inserting a semicolon here
[38;5;246m─────╯[0m
[39m
  Plugin: [35mvite:oxc[39m
  File: [36mC:/Users/nakshtra/Desktop/kintox/src/components/ServicesSection.jsx[39m
      at transformWithOxc (file:///C:/Users/nakshtra/Desktop/kintox/node_modules/vite/dist/node/chunks/node.js:3344:19)
      at TransformPluginContext.transform (file:///C:/Users/nakshtra/Desktop/kintox/node_modules/vite/dist/node/chunks/node.js:3415:26)
      at EnvironmentPluginContainer.transform (file:///C:/Users/nakshtra/Desktop/kintox/node_modules/vite/dist/node/chunks/node.js:30387:51)
      at async loadAndTransform (file:///C:/Users/nakshtra/Desktop/kintox/node_modules/vite/dist/node/chunks/node.js:24646:26)
      at async viteTransformMiddleware (file:///C:/Users/nakshtra/Desktop/kintox/node_modules/vite/dist/node/chunks/node.js:24440:20)
[2m10:17:58 AM[22m [31m[1m[vite][22m[39m [31m[2m(client)[22m[39m [2m[console.error] [22m[vite] Failed to reload /src/components/ServicesSection.jsx. This could be due to syntax errors or importing non-existent modules. (see errors above)
[2m10:18:36 AM[22m [36m[1m[vite][22m[39m [90m[2m(client)[22m[39m [32mhmr update [39m[2m/src/index.css, /src/components/ServicesSection.jsx[22m
[2m10:18:36 AM[22m [31m[1m[vite][22m[39m [31mInternal server error: Transform failed with 1 error:

[31m[PARSE_ERROR] [0mExpected a semicolon or an implicit semicolon after a statement, but found none
     [38;5;246m╭[0m[38;5;246m─[0m[38;5;246m[[0m src/components/ServicesSection.jsx:457:10 [38;5;246m][0m
     [38;5;246m│[0m
 [38;5;246m457 │[0m [38;5;249m [0m[38;5;249m [0m[38;5;249m [0m[38;5;249m [0m[38;5;249m [0m[38;5;249m [0m[38;5;249m [0m[38;5;249m [0m[38;5;249m)[0m[38;5;249m)[0m[38;5;249m}[0m
 [38;5;240m    │[0m          │ 
 [38;5;240m    │[0m          ╰─ 
 [38;5;240m    │[0m 
 [38;5;240m    │[0m [38;5;115mHelp[0m: Try inserting a semicolon here
[38;5;246m─────╯[0m
[39m
  Plugin: [35mvite:oxc[39m
  File: [36mC:/Users/nakshtra/Desktop/kintox/src/components/ServicesSection.jsx[39m
      at transformWithOxc (file:///C:/Users/nakshtra/Desktop/kintox/node_modules/vite/dist/node/chunks/node.js:3344:19)
      at TransformPluginContext.transform (file:///C:/Users/nakshtra/Desktop/kintox/node_modules/vite/dist/node/chunks/node.js:3415:26)
      at EnvironmentPluginContainer.transform (file:///C:/Users/nakshtra/Desktop/kintox/node_modules/vite/dist/node/chunks/node.js:30387:51)
      at async loadAndTransform (file:///C:/Users/nakshtra/Desktop/kintox/node_modules/vite/dist/node/chunks/node.js:24646:26)
      at async viteTransformMiddleware (file:///C:/Users/nakshtra/Desktop/kintox/node_modules/vite/dist/node/chunks/node.js:24440:20)
[2m10:18:36 AM[22m [31m[1m[vite][22m[39m [31m[2m(client)[22m[39m [2m[console.error] [22m[vite] Failed to reload /src/components/ServicesSection.jsx. This could be due to syntax errors or importing non-existent modules. (see errors above)
[2m10:18:36 AM[22m [31m[1m[vite][22m[39m [31mInternal server error: Transform failed with 1 error:

[31m[PARSE_ERROR] [0mExpected a semicolon or an implicit semicolon after a statement, but found none
     [38;5;246m╭[0m[38;5;246m─[0m[38;5;246m[[0m src/components/ServicesSection.jsx:457:10 [38;5;246m][0m
     [38;5;246m│[0m
 [38;5;246m457 │[0m [38;5;249m [0m[38;5;249m [0m[38;5;249m [0m[38;5;249m [0m[38;5;249m [0m[38;5;249m [0m[38;5;249m [0m[38;5;249m [0m[38;5;249m)[0m[38;5;249m)[0m[38;5;249m}[0m
 [38;5;240m    │[0m          │ 
 [38;5;240m    │[0m          ╰─ 
 [38;5;240m    │[0m 
 [38;5;240m    │[0m [38;5;115mHelp[0m: Try inserting a semicolon here
[38;5;246m─────╯[0m
[39m
  Plugin: [35mvite:oxc[39m
  File: [36mC:/Users/nakshtra/Desktop/kintox/src/components/ServicesSection.jsx[39m
      at transformWithOxc (file:///C:/Users/nakshtra/Desktop/kintox/node_modules/vite/dist/node/chunks/node.js:3344:19)
      at TransformPluginContext.transform (file:///C:/Users/nakshtra/Desktop/kintox/node_modules/vite/dist/node/chunks/node.js:3415:26)
      at EnvironmentPluginContainer.transform (file:///C:/Users/nakshtra/Desktop/kintox/node_modules/vite/dist/node/chunks/node.js:30387:51)
      at async loadAndTransform (file:///C:/Users/nakshtra/Desktop/kintox/node_modules/vite/dist/node/chunks/node.js:24646:26)
      at async viteTransformMiddleware (file:///C:/Users/nakshtra/Desktop/kintox/node_modules/vite/dist/node/chunks/node.js:24440:20)
[2m10:18:36 AM[22m [31m[1m[vite][22m[39m [31mInternal server error: Transform failed with 1 error:

[31m[PARSE_ERROR] [0mExpected a semicolon or an implicit semicolon after a statement, but found none
     [38;5;246m╭[0m[38;5;246m─[0m[38;5;246m[[0m src/components/ServicesSection.jsx:457:10 [38;5;246m][0m
     [38;5;246m│[0m
 [38;5;246m457 │[0m [38;5;249m [0m[38;5;249m [0m[38;5;249m [0m[38;5;249m [0m[38;5;249m [0m[38;5;249m [0m[38;5;249m [0m[38;5;249m [0m[38;5;249m)[0m[38;5;249m)[0m[38;5;249m}[0m
 [38;5;240m    │[0m          │ 
 [38;5;240m    │[0m          ╰─ 
 [38;5;240m    │[0m 
 [38;5;240m    │[0m [38;5;115mHelp[0m: Try inserting a semicolon here
[38;5;246m─────╯[0m
[39m
  Plugin: [35mvite:oxc[39m
  File: [36mC:/Users/nakshtra/Desktop/kintox/src/components/ServicesSection.jsx[39m
      at transformWithOxc (file:///C:/Users/nakshtra/Desktop/kintox/node_modules/vite/dist/node/chunks/node.js:3344:19)
      at TransformPluginContext.transform (file:///C:/Users/nakshtra/Desktop/kintox/node_modules/vite/dist/node/chunks/node.js:3415:26)
      at EnvironmentPluginContainer.transform (file:///C:/Users/nakshtra/Desktop/kintox/node_modules/vite/dist/node/chunks/node.js:30387:51)
      at async loadAndTransform (file:///C:/Users/nakshtra/Desktop/kintox/node_modules/vite/dist/node/chunks/node.js:24646:26)
      at async viteTransformMiddleware (file:///C:/Users/nakshtra/Desktop/kintox/node_modules/vite/dist/node/chunks/node.js:24440:20)
[2m10:18:36 AM[22m [31m[1m[vite][22m[39m [31m[2m(client)[22m[39m [2m[console.error] [22m[vite] Failed to reload /src/components/ServicesSection.jsx. This could be due to syntax errors or importing non-existent modules. (see errors above)
[2m10:18:36 AM[22m [31m[1m[vite][22m[39m [31m[2m(client)[22m[39m [2m[console.error] [22m[vite] Failed to reload /src/components/ServicesSection.jsx. This could be due to syntax errors or importing non-existent modules. (see errors above)
[2m10:19:05 AM[22m [36m[1m[vite][22m[39m [90m[2m(client)[22m[39m [32mhmr update [39m[2m/src/index.css, /src/components/ServicesSection.jsx[22m
[2m10:22:39 AM[22m [36m[1m[vite][22m[39m [90m[2m(client)[22m[39m [32mhmr update [39m[2m/src/index.css, /src/components/ServicesSection.jsx[22m
[2m10:23:23 AM[22m [36m[1m[vite][22m[39m [90m[2m(client)[22m[39m [32mhmr update [39m[2m/src/index.css, /src/components/ServicesSection.jsx[22m
[2m10:23:25 AM[22m [36m[1m[vite][22m[39m [90m[2m(client)[22m[39m [32mhmr update [39m[2m/src/index.css, /src/components/ServicesSection.jsx[22m
[2m10:27:35 AM[22m [36m[1m[vite][22m[39m [90m[2m(client)[22m[39m [32mhmr update [39m[2m/src/index.css, /src/components/ServicesSection.jsx[22m
[2m10:30:32 AM[22m [36m[1m[vite][22m[39m [90m[2m(client)[22m[39m [32mhmr update [39m[2m/src/index.css, /src/components/ServicesSection.jsx[22m
[2m10:30:39 AM[22m [36m[1m[vite][22m[39m [90m[2m(client)[22m[39m [32mhmr update [39m[2m/src/index.css, /src/components/ServicesSection.jsx[22m
[2m10:30:49 AM[22m [36m[1m[vite][22m[39m [90m[2m(client)[22m[39m [32mhmr update [39m[2m/src/index.css, /src/components/ServicesSection.jsx[22m
[2m10:31:03 AM[22m [36m[1m[vite][22m[39m [90m[2m(client)[22m[39m [32mhmr update [39m[2m/src/index.css, /src/components/ServicesSection.jsx[22m
[2m10:31:08 AM[22m [36m[1m[vite][22m[39m [90m[2m(client)[22m[39m [32mhmr update [39m[2m/src/index.css, /src/components/ServicesSection.jsx[22m
[2m10:39:47 AM[22m [36m[1m[vite][22m[39m [90m[2m(client)[22m[39m [32mhmr update [39m[2m/src/components/Navbar.jsx, /src/index.css[22m
[2m10:45:16 AM[22m [36m[1m[vite][22m[39m [90m[2m(client)[22m[39m [32mhmr update [39m[2m/src/index.css, /src/components/HeroSection.jsx[22m
[2m10:45:17 AM[22m [36m[1m[vite][22m[39m [90m[2m(client)[22m[39m [32mhmr update [39m[2m/src/index.css, /src/components/AboutSection.jsx[22m
[2m10:45:18 AM[22m [36m[1m[vite][22m[39m [90m[2m(client)[22m[39m [32mhmr update [39m[2m/src/index.css, /src/components/PortfolioSection.jsx[22m
[2m10:45:27 AM[22m [36m[1m[vite][22m[39m [90m[2m(client)[22m[39m [32mhmr update [39m[2m/src/index.css, /src/components/ServicesSection.jsx[22m
[2m10:45:32 AM[22m [36m[1m[vite][22m[39m [90m[2m(client)[22m[39m [32mhmr update [39m[2m/src/index.css, /src/components/ServicesSection.jsx[22m
[2m10:45:51 AM[22m [36m[1m[vite][22m[39m [90m[2m(client)[22m[39m [32mhmr update [39m[2m/src/components/Navbar.jsx, /src/index.css[22m
[2m10:47:49 AM[22m [36m[1m[vite][22m[39m [90m[2m(client)[22m[39m [32mhmr update [39m[2m/src/components/Navbar.jsx, /src/index.css[22m
[2m10:47:57 AM[22m [36m[1m[vite][22m[39m [90m[2m(client)[22m[39m [32mhmr update [39m[2m/src/index.css, /src/components/ServicesSection.jsx[22m
[2m10:52:18 AM[22m [36m[1m[vite][22m[39m [90m[2m(client)[22m[39m [32mhmr update [39m[2m/src/index.css, /src/components/ServicesSection.jsx[22m
[2m10:57:00 AM[22m [36m[1m[vite][22m[39m [90m[2m(client)[22m[39m [32mhmr update [39m[2m/src/index.css, /src/components/ServicesSection.jsx[22m
[2m10:58:53 AM[22m [36m[1m[vite][22m[39m [90m[2m(client)[22m[39m [32mhmr update [39m[2m/src/components/Navbar.jsx, /src/index.css[22m
[2m10:58:58 AM[22m [36m[1m[vite][22m[39m [90m[2m(client)[22m[39m [32mhmr update [39m[2m/src/components/Navbar.jsx, /src/index.css[22m
[2m10:59:03 AM[22m [36m[1m[vite][22m[39m [90m[2m(client)[22m[39m [32mhmr update [39m[2m/src/components/Navbar.jsx, /src/index.css[22m
[2m10:59:08 AM[22m [36m[1m[vite][22m[39m [90m[2m(client)[22m[39m [32mhmr update [39m[2m/src/components/Navbar.jsx, /src/index.css[22m
[2m10:59:12 AM[22m [36m[1m[vite][22m[39m [90m[2m(client)[22m[39m [32mhmr update [39m[2m/src/components/Navbar.jsx, /src/index.css[22m
[2m11:06:20 AM[22m [36m[1m[vite][22m[39m [90m[2m(client)[22m[39m [32mhmr update [39m[2m/src/components/Navbar.jsx, /src/index.css[22m
[2m11:06:24 AM[22m [36m[1m[vite][22m[39m [90m[2m(client)[22m[39m [32mhmr update [39m[2m/src/components/Navbar.jsx, /src/index.css[22m
[2m11:28:01 AM[22m [36m[1m[vite][22m[39m [90m[2m(client)[22m[39m [32mhmr update [39m[2m/src/components/Navbar.jsx, /src/index.css[22m
[2m11:35:28 AM[22m [36m[1m[vite][22m[39m [90m[2m(client)[22m[39m [32mhmr update [39m[2m/src/components/Navbar.jsx, /src/index.css[22m
[2m11:35:33 AM[22m [36m[1m[vite][22m[39m [90m[2m(client)[22m[39m [32mhmr update [39m[2m/src/App.jsx, /src/index.css[22m
[2m11:37:28 AM[22m [36m[1m[vite][22m[39m [90m[2m(client)[22m[39m [32mhmr update [39m[2m/src/components/Navbar.jsx, /src/index.css[22m
[2m11:38:38 AM[22m [36m[1m[vite][22m[39m [90m[2m(client)[22m[39m [32mhmr update [39m[2m/src/components/Navbar.jsx, /src/index.css[22m
[2m11:40:04 AM[22m [36m[1m[vite][22m[39m [90m[2m(client)[22m[39m [32mhmr update [39m[2m/src/components/Navbar.jsx, /src/index.css[22m
[2m11:46:47 AM[22m [36m[1m[vite][22m[39m [90m[2m(client)[22m[39m [32mhmr update [39m[2m/src/components/Navbar.jsx, /src/index.css[22m
[2m11:52:16 AM[22m [36m[1m[vite][22m[39m [90m[2m(client)[22m[39m [32mhmr update [39m[2m/src/index.css, /src/components/ServicesSection.jsx[22m
[2m11:52:29 AM[22m [36m[1m[vite][22m[39m [90m[2m(client)[22m[39m [32mhmr update [39m[2m/src/index.css, /src/components/ServicesSection.jsx[22m
[2m11:52:34 AM[22m [36m[1m[vite][22m[39m [90m[2m(client)[22m[39m [32mhmr update [39m[2m/src/index.css, /src/components/ProductDetailPage.jsx[22m
[2m11:52:38 AM[22m [36m[1m[vite][22m[39m [90m[2m(client)[22m[39m [32mhmr update [39m[2m/src/index.css, /src/components/ProductDetailPage.jsx[22m
[2m11:52:45 AM[22m [36m[1m[vite][22m[39m [90m[2m(client)[22m[39m [32mhmr update [39m[2m/src/index.css, /src/components/ProductDetailPage.jsx[22m
[2m11:52:49 AM[22m [36m[1m[vite][22m[39m [90m[2m(client)[22m[39m [32mhmr update [39m[2m/src/index.css, /src/components/PortfolioSection.jsx[22m
[2m11:52:54 AM[22m [36m[1m[vite][22m[39m [90m[2m(client)[22m[39m [32mhmr update [39m[2m/src/index.css, /src/components/Footer.jsx[22m
[2m11:53:04 AM[22m [36m[1m[vite][22m[39m [90m[2m(client)[22m[39m [32mhmr update [39m[2m/src/index.css, /src/components/Footer.jsx[22m
[2m11:53:29 AM[22m [36m[1m[vite][22m[39m [90m[2m(client)[22m[39m [32mhmr update [39m[2m/src/index.css, /src/components/Footer.jsx[22m
[2m11:54:04 AM[22m [36m[1m[vite][22m[39m [90m[2m(client)[22m[39m [32mhmr update [39m[2m/src/index.css[22m
[2m11:58:35 AM[22m [36m[1m[vite][22m[39m [90m[2m(client)[22m[39m [32mhmr update [39m[2m/src/components/Navbar.jsx, /src/index.css[22m
[2m11:58:40 AM[22m [36m[1m[vite][22m[39m [90m[2m(client)[22m[39m [32mhmr update [39m[2m/src/components/Navbar.jsx, /src/index.css[22m
[2m11:58:43 AM[22m [36m[1m[vite][22m[39m [90m[2m(client)[22m[39m [32mhmr update [39m[2m/src/components/Navbar.jsx, /src/index.css[22m
[2m11:58:46 AM[22m [36m[1m[vite][22m[39m [90m[2m(client)[22m[39m [32mhmr update [39m[2m/src/components/Navbar.jsx, /src/index.css[22m
[2m11:58:50 AM[22m [36m[1m[vite][22m[39m [90m[2m(client)[22m[39m [32mhmr update [39m[2m/src/components/Navbar.jsx, /src/index.css[22m
[2m11:58:54 AM[22m [36m[1m[vite][22m[39m [90m[2m(client)[22m[39m [32mhmr update [39m[2m/src/components/Navbar.jsx, /src/index.css[22m
[2m11:58:57 AM[22m [36m[1m[vite][22m[39m [90m[2m(client)[22m[39m [32mhmr update [39m[2m/src/components/Navbar.jsx, /src/index.css[22m
[2m11:59:00 AM[22m [36m[1m[vite][22m[39m [90m[2m(client)[22m[39m [32mhmr update [39m[2m/src/components/Navbar.jsx, /src/index.css[22m
[2m12:01:44 PM[22m [36m[1m[vite][22m[39m [90m[2m(client)[22m[39m [32mhmr update [39m[2m/src/index.css, /src/components/HeroSection.jsx[22m
[2m12:01:50 PM[22m [36m[1m[vite][22m[39m [90m[2m(client)[22m[39m [32mhmr update [39m[2m/src/index.css, /src/components/HeroSection.jsx[22m
[2m12:01:53 PM[22m [36m[1m[vite][22m[39m [90m[2m(client)[22m[39m [32mhmr update [39m[2m/src/index.css, /src/components/HeroSection.jsx[22m
[2m12:01:57 PM[22m [36m[1m[vite][22m[39m [90m[2m(client)[22m[39m [32mhmr update [39m[2m/src/index.css, /src/components/HeroSection.jsx[22m
[2m12:02:00 PM[22m [36m[1m[vite][22m[39m [90m[2m(client)[22m[39m [32mhmr update [39m[2m/src/index.css, /src/components/HeroSection.jsx[22m
[2m12:02:06 PM[22m [36m[1m[vite][22m[39m [90m[2m(client)[22m[39m [32mhmr update [39m[2m/src/index.css, /src/components/HeroSection.jsx[22m
[2m12:02:10 PM[22m [36m[1m[vite][22m[39m [90m[2m(client)[22m[39m [32mhmr update [39m[2m/src/index.css, /src/components/HeroSection.jsx[22m
[2m12:02:14 PM[22m [36m[1m[vite][22m[39m [90m[2m(client)[22m[39m [32mhmr update [39m[2m/src/index.css, /src/components/HeroSection.jsx[22m
[2m12:04:36 PM[22m [36m[1m[vite][22m[39m [90m[2m(client)[22m[39m [32mhmr update [39m[2m/src/index.css, /src/components/HeroSection.jsx[22m
[2m12:05:56 PM[22m [36m[1m[vite][22m[39m [90m[2m(client)[22m[39m [32mhmr update [39m[2m/src/index.css, /src/components/HeroSection.jsx[22m
[2m12:06:01 PM[22m [36m[1m[vite][22m[39m [90m[2m(client)[22m[39m [32mhmr update [39m[2m/src/index.css, /src/components/HeroSection.jsx[22m
[2m12:17:45 PM[22m [36m[1m[vite][22m[39m [90m[2m(client)[22m[39m [32mhmr update [39m[2m/src/index.css, /src/components/HeroSection.jsx[22m
[2m12:18:02 PM[22m [36m[1m[vite][22m[39m [90m[2m(client)[22m[39m [32mhmr update [39m[2m/src/index.css[22m
[2m12:19:14 PM[22m [36m[1m[vite][22m[39m [90m[2m(client)[22m[39m [32mhmr update [39m[2m/src/App.jsx, /src/index.css[22m
[2m12:19:20 PM[22m [36m[1m[vite][22m[39m [90m[2m(client)[22m[39m [32mhmr update [39m[2m/src/components/Navbar.jsx, /src/index.css[22m
[2m12:19:26 PM[22m [36m[1m[vite][22m[39m [90m[2m(client)[22m[39m [32mhmr update [39m[2m/src/components/Navbar.jsx, /src/index.css[22m
[2m12:19:42 PM[22m [36m[1m[vite][22m[39m [90m[2m(client)[22m[39m [32mhmr update [39m[2m/src/index.css[22m
[2m12:21:34 PM[22m [36m[1m[vite][22m[39m [90m[2m(client)[22m[39m [32mhmr update [39m[2m/src/index.css, /src/components/HeroSection.jsx[22m
